Microchip MPLAB XC8 Compiler V2.10 ()

Linker command line:

-W-3 --edf=D:\Xc8\pic\dat\en_msgs.txt -cs \
  -h+dist/default/production\Laboratorio_LCD.X.production.sym \
  --cmf=dist/default/production\Laboratorio_LCD.X.production.cmf -z \
  -Q16F887 -oC:\Users\Marco\AppData\Local\Temp\sros.2 \
  --defsym=__MPLAB_BUILD=1 \
  -Mdist/default/production/Laboratorio_LCD.X.production.map -E1 -ver=XC8 \
  --acfsm=1493 -ASTACK=0110h-016Fh -pstack=STACK -ACODE=00h-07FFhx4 \
  -ASTRCODE=00h-01FFFh -ASTRING=00h-0FFhx32 -ACONST=00h-0FFhx32 \
  -AENTRY=00h-0FFhx32 -ACOMMON=070h-07Fh -ABANK0=020h-06Fh \
  -ABANK1=0A0h-0EFh -ABANK2=0110h-016Fh -ABANK3=0190h-01EFh \
  -ARAM=020h-06Fh,0A0h-0EFh,0110h-016Fh,0190h-01EFh \
  -AABS1=020h-07Fh,0A0h-0EFh,0110h-016Fh,0190h-01EFh -ASFR0=00h-01Fh \
  -ASFR1=080h-09Fh -ASFR2=0100h-010Fh -ASFR3=0180h-018Fh \
  -preset_vec=00h,intentry=04h,init,end_init -ppowerup=CODE -pcinit=CODE \
  -pfunctab=ENTRY -ACONFIG=02007h-02008h -pconfig=CONFIG -DCONFIG=2 \
  -AIDLOC=02000h-02003h -pidloc=IDLOC -DIDLOC=2 -AEEDATA=00h-0FFh/02100h \
  -peeprom_data=EEDATA -DEEDATA=2 -DCODE=2 -DSTRCODE=2 -DSTRING=2 -DCONST=2 \
  -DENTRY=2 -k C:\Users\Marco\AppData\Local\Temp\sros.o \
  dist/default/production\Laboratorio_LCD.X.production.o 

Object code version is 3.11

Machine type is 16F887



                Name                               Link     Load   Length Selector   Space Scale
C:\Users\Marco\AppData\Local\Temp\sros.o
                end_init                              C        C        3        8       0
                reset_vec                             0        0        3        0       0
                config                             2007     2007        2     400E       0
dist/default/production\Laboratorio_LCD.X.production.o
                cinit                                 F        F       22        8       0
                intentry                              4        4        8        8       0
                text24                             17AC     17AC       1A     2F58       0
                text23                              9BE      9BE       58     137C       0
                text22                             1780     1780        C     2F00       0
                text21                             1798     1798       14     2F30       0
                text20                             177B     177B        5     2EF6       0
                text19                              8CE      8CE       37     119C       0
                text18                             17E1     17E1       1F     2FC2       0
                text17                             17C6     17C6       1B     2F8C       0
                text16                             178C     178C        C     2F18       0
                text15                              8A5      8A5       29     114A       0
                text14                               31       31      361        8       0
                text13                              392      392      288        8       0
                text12                              859      859       24     10B2       0
                text11                              A16      A16       7C     142C       0
                text10                              B36      B36       BC     166C       0
                text9                               CDC      CDC      10E     19B8       0
                text8                               905      905       37     120A       0
                text7                               87D      87D       28     10FA       0
                text6                               978      978       46     12F0       0
                text5                               93C      93C       3C     1278       0
                text4                               BF2      BF2       EA     17E4       0
                text3                               839      839       20     1072       0
                text2                               61A      61A      1DD        8       0
                text1                               A92      A92       A4     1524       0
                maintext                            DEA      DEA      216     1BD4       0
                cstackBANK0                          20       20       42       20       1
                cstackCOMMON                         70       70        7       70       1
                cstackBANK1                          B8       B8        4       A0       1
                clrtext                             7F7      7F7        8        8       0
                bssBANK1                             A0       A0       18       A0       1
                dataBANK0                            6C       6C        1       20       1
                bssBANK0                             62       62        A       20       1
                dataCOMMON                           78       78        1       70       1
                bssCOMMON                            77       77        1       70       1
                strings                             800      800       36     1000       0
                idataBANK0                            3        3        1        0       0
                idataCOMMON                         7FF      7FF        1        8       0

TOTAL           Name                               Link     Load   Length     Space
        CLASS   STACK          

        CLASS   CODE           
                end_init                              C        C        3         0
                cinit                                 F        F       22         0
                intentry                              4        4        8         0
                reset_vec                             0        0        3         0
                text24                             17AC     17AC       1A         0
                text23                              9BE      9BE       58         0
                text22                             1780     1780        C         0
                text21                             1798     1798       14         0
                text20                             177B     177B        5         0
                text19                              8CE      8CE       37         0
                text18                             17E1     17E1       1F         0
                text17                             17C6     17C6       1B         0
                text16                             178C     178C        C         0
                text15                              8A5      8A5       29         0
                text14                               31       31      361         0
                text13                              392      392      288         0
                text12                              859      859       24         0
                text11                              A16      A16       7C         0
                text10                              B36      B36       BC         0
                text9                               CDC      CDC      10E         0
                text8                               905      905       37         0
                text7                               87D      87D       28         0
                text6                               978      978       46         0
                text5                               93C      93C       3C         0
                text4                               BF2      BF2       EA         0
                text3                               839      839       20         0
                text2                               61A      61A      1DD         0
                text1                               A92      A92       A4         0
                maintext                            DEA      DEA      216         0
                clrtext                             7F7      7F7        8         0
                idataBANK0                            3        3        1         0
                idataCOMMON                         7FF      7FF        1         0

        CLASS   STRCODE        

        CLASS   STRING         
                strings                             800      800       36         0

        CLASS   CONST          

        CLASS   ENTRY          

        CLASS   COMMON         
                cstackCOMMON                         70       70        7         1
                dataCOMMON                           78       78        1         1
                bssCOMMON                            77       77        1         1

        CLASS   BANK0          
                cstackBANK0                          20       20       42         1
                dataBANK0                            6C       6C        1         1
                bssBANK0                             62       62        A         1

        CLASS   BANK1          
                cstackBANK1                          B8       B8        4         1
                bssBANK1                             A0       A0       18         1

        CLASS   BANK2          

        CLASS   BANK3          

        CLASS   RAM            

        CLASS   ABS1           
                abs_s1                               7E       7E        2         1

        CLASS   SFR0           

        CLASS   SFR1           

        CLASS   SFR2           

        CLASS   SFR3           

        CLASS   CONFIG         
                config                             2007     2007        2         0

        CLASS   IDLOC          

        CLASS   EEDATA         



SEGMENTS        Name                           Load    Length   Top    Selector   Space  Class     Delta

                reset_vec                      000000  000004  000004         0       0  CODE        2
                intentry                       000004  0007FC  000800         8       0  CODE        2
                cstackBANK0                    000020  00004D  00006D        20       1  BANK0       1
                cstackCOMMON                   000070  000009  000079        70       1  COMMON      1
                bssBANK1                       0000A0  00001C  0000BC        A0       1  BANK1       1
                strings                        000800  000036  000836      1000       0  STRING      2
                text3                          000839  000020  000859      1072       0  CODE        2
                text12                         000859  000024  00087D      10B2       0  CODE        2
                text7                          00087D  000028  0008A5      10FA       0  CODE        2
                text15                         0008A5  000029  0008CE      114A       0  CODE        2
                text19                         0008CE  000037  000905      119C       0  CODE        2
                text8                          000905  000037  00093C      120A       0  CODE        2
                text5                          00093C  00003C  000978      1278       0  CODE        2
                text6                          000978  000046  0009BE      12F0       0  CODE        2
                text23                         0009BE  000058  000A16      137C       0  CODE        2
                text11                         000A16  00007C  000A92      142C       0  CODE        2
                text1                          000A92  0000A4  000B36      1524       0  CODE        2
                text10                         000B36  0000BC  000BF2      166C       0  CODE        2
                text4                          000BF2  0000EA  000CDC      17E4       0  CODE        2
                text9                          000CDC  00010E  000DEA      19B8       0  CODE        2
                maintext                       000DEA  000216  001000      1BD4       0  CODE        2
                text20                         00177B  000005  001780      2EF6       0  CODE        2
                text22                         001780  00000C  00178C      2F00       0  CODE        2
                text16                         00178C  00000C  001798      2F18       0  CODE        2
                text21                         001798  000014  0017AC      2F30       0  CODE        2
                text24                         0017AC  00001A  0017C6      2F58       0  CODE        2
                text17                         0017C6  00001B  0017E1      2F8C       0  CODE        2
                text18                         0017E1  00001F  001800      2FC2       0  CODE        2
                config                         002007  000002  002009      400E       0  CONFIG      2


UNUSED ADDRESS RANGES

        Name                Unused          Largest block    Delta
        BANK0            006D-006F              3           1
        BANK1            00BC-00EF             34           1
        BANK2            0110-016F             60           1
        BANK3            0190-01EF             60           1
        CODE             0836-0838              3           2
                         1000-177A            77B
                         1800-1FFF            800
        COMMON           0079-007D              5           1
        CONST            0836-0838              3           2
                         1000-177A            100
                         1800-1FFF            100
        EEDATA           2100-21FF            100           2
        ENTRY            0836-0838              3           2
                         1000-177A            100
                         1800-1FFF            100
        IDLOC            2000-2003              4           2
        RAM              006D-006F              3           1
                         00BC-00EF             34
                         0110-016F             60
                         0190-01EF             60
        SFR0             0000-001F             20           1
        SFR1             0080-009F             20           1
        SFR2             0100-010F             10           1
        SFR3             0180-018F             10           1
        STACK            0110-016F             60           1
        STRCODE          0836-0838              3           2
                         1000-177A            77B
                         1800-1FFF            800
        STRING           0836-0838              3           2
                         1000-177A            100
                         1800-1FFF            100

                                  Symbol Table

?__Umul8_16                  cstackCOMMON 0075
?___fladd                    cstackBANK0  0020
?___fldiv                    cstackBANK0  0048
?___flmul                    cstackBANK0  002E
?___flsub                    cstackBANK0  0034
?___fltol                    cstackBANK0  0020
?___lwdiv                    cstackBANK0  0020
?___lwmod                    cstackBANK0  0027
?___xxtofl                   cstackBANK0  0020
?_sprintf                    cstackBANK0  002C
Canales_ADC@Canal            cstackCOMMON 0070
DWR_LCD@dat                  cstackCOMMON 0076
Envio@Lol                    cstackCOMMON 0075
FloatDec@Selector            cstackBANK0  004C
FloatDec@Variable            cstackBANK0  0048
LCD_CmdWrite@cmd             cstackCOMMON 0076
LCD_DataWrite@dato           cstackBANK0  0020
WriteInt_LCD@dato            cstackBANK0  003C
WriteInt_LCD@output1         cstackBANK0  003D
_ADCON0bits                  (abs)        001F
_ADCON1bits                  (abs)        009F
_ADRESH                      (abs)        001E
_BAUDCTLbits                 (abs)        0187
_Canales_ADC                 text24       17AC
_Configuracion               text17       17C6
_Counter                     dataBANK0    006C
_DWR_LCD                     text8        0905
_Dec_1                       bssBANK0     0067
_Dec_2                       bssBANK0     0066
_Decenas                     bssBANK0     0069
_Envio                       text16       178C
_FloatDec                    text9        0CDC
_INTCONbits                  (abs)        000B
_ISR                         text23       09BE
_Init_ADC                    text22       1780
_Init_USART                  text21       1798
_Interrupciones_ADC          text20       177B
_LCD_CmdWrite                text19       08CE
_LCD_DataWrite               text7        087D
_PIE1bits                    (abs)        008C
_PIR1bits                    (abs)        000C
_PORTA                       (abs)        0005
_PORTCbits                   (abs)        0007
_Pot_1                       bssBANK0     006B
_Pot_2                       bssBANK0     006A
_RCREG                       (abs)        001A
_RCSTAbits                   (abs)        0018
_SPBRG                       (abs)        0099
_Sel_ADC                     dataCOMMON   0078
_TRISA                       (abs)        0085
_TRISC                       (abs)        0087
_TXREG                       (abs)        0019
_TXSTAbits                   (abs)        0098
_Uni_1                       bssBANK0     0062
_Uni_2                       bssBANK1     00B0
_Unidades                    bssBANK0     0068
_WriteInt_LCD                text3        0839
__CFG_BOR4V$BOR40V           (abs)        0000
__CFG_BOREN$OFF              (abs)        0000
__CFG_CP$OFF                 (abs)        0000
__CFG_CPD$OFF                (abs)        0000
__CFG_FCMEN$OFF              (abs)        0000
__CFG_FOSC$INTRC_NOCLKOUT    (abs)        0000
__CFG_IESO$OFF               (abs)        0000
__CFG_LVP$OFF                (abs)        0000
__CFG_MCLRE$OFF              (abs)        0000
__CFG_PWRTE$OFF              (abs)        0000
__CFG_WDTE$OFF               (abs)        0000
__CFG_WRT$OFF                (abs)        0000
__Habs1                      abs1         0000
__Hbank0                     bank0        0000
__Hbank1                     bank1        0000
__Hbank2                     bank2        0000
__Hbank3                     bank3        0000
__HbssBANK0                  bssBANK0     0000
__HbssBANK1                  bssBANK1     0000
__HbssCOMMON                 bssCOMMON    0000
__Hcinit                     cinit        0031
__Hclrtext                   clrtext      0000
__Hcode                      code         0000
__Hcommon                    common       0000
__Hconfig                    config       2009
__HcstackBANK0               cstackBANK0  0000
__HcstackBANK1               cstackBANK1  0000
__HcstackCOMMON              cstackCOMMON 0000
__HdataBANK0                 dataBANK0    0000
__HdataCOMMON                dataCOMMON   0000
__Heeprom_data               eeprom_data  0000
__Hend_init                  end_init     000F
__Hfunctab                   functab      0000
__HidataBANK0                idataBANK0   0000
__HidataCOMMON               idataCOMMON  0000
__Hidloc                     idloc        0000
__Hinit                      init         000C
__Hintentry                  intentry     000C
__Hmaintext                  maintext     0000
__Hpowerup                   powerup      0000
__Hram                       ram          0000
__Hreset_vec                 reset_vec    0003
__Hsfr0                      sfr0         0000
__Hsfr1                      sfr1         0000
__Hsfr2                      sfr2         0000
__Hsfr3                      sfr3         0000
__Hspace_0                   (abs)        2009
__Hspace_1                   (abs)        00BC
__Hspace_2                   (abs)        0000
__Hspace_3                   (abs)        0000
__Hstack                     stack        0000
__Hstrings                   strings      0000
__Htext                      text         0000
__Labs1                      abs1         0000
__Lbank0                     bank0        0000
__Lbank1                     bank1        0000
__Lbank2                     bank2        0000
__Lbank3                     bank3        0000
__LbssBANK0                  bssBANK0     0000
__LbssBANK1                  bssBANK1     0000
__LbssCOMMON                 bssCOMMON    0000
__Lcinit                     cinit        000F
__Lclrtext                   clrtext      0000
__Lcode                      code         0000
__Lcommon                    common       0000
__Lconfig                    config       2007
__LcstackBANK0               cstackBANK0  0000
__LcstackBANK1               cstackBANK1  0000
__LcstackCOMMON              cstackCOMMON 0000
__LdataBANK0                 dataBANK0    0000
__LdataCOMMON                dataCOMMON   0000
__Leeprom_data               eeprom_data  0000
__Lend_init                  end_init     000C
__Lfunctab                   functab      0000
__LidataBANK0                idataBANK0   0000
__LidataCOMMON               idataCOMMON  0000
__Lidloc                     idloc        0000
__Linit                      init         000C
__Lintentry                  intentry     0004
__Lmaintext                  maintext     0000
__Lpowerup                   powerup      0000
__Lram                       ram          0000
__Lreset_vec                 reset_vec    0000
__Lsfr0                      sfr0         0000
__Lsfr1                      sfr1         0000
__Lsfr2                      sfr2         0000
__Lsfr3                      sfr3         0000
__Lspace_0                   (abs)        0000
__Lspace_1                   (abs)        0000
__Lspace_2                   (abs)        0000
__Lspace_3                   (abs)        0000
__Lstack                     stack        0000
__Lstrings                   strings      0000
__Ltext                      text         0000
__S0                         (abs)        2009
__S1                         (abs)        00BC
__S2                         (abs)        0000
__S3                         (abs)        0000
__Umul8_16                   text15       08A5
__Umul8_16@multiplicand      cstackCOMMON 0075
__Umul8_16@multiplier        cstackBANK0  0026
__Umul8_16@product           cstackBANK0  0022
__Umul8_16@word_mpld         cstackBANK0  0024
___fladd                     text13       0392
___fladd@a                   cstackBANK0  0024
___fladd@aexp                cstackBANK0  0031
___fladd@b                   cstackBANK0  0020
___fladd@bexp                cstackBANK0  0032
___fladd@grs                 cstackBANK0  0033
___fladd@signs               cstackBANK0  0030
___fldiv                     text2        061A
___fldiv@a                   cstackBANK0  0048
___fldiv@aexp                cstackBANK0  0061
___fldiv@b                   cstackBANK0  004C
___fldiv@bexp                cstackBANK0  0060
___fldiv@grs                 cstackBANK0  005C
___fldiv@new_exp             cstackBANK0  005A
___fldiv@rem                 cstackBANK0  0055
___fldiv@sign                cstackBANK0  0059
___flge                      text1        0A92
___flge@ff1                  cstackBANK0  0020
___flge@ff2                  cstackBANK0  0024
___flmul                     text14       0031
___flmul@a                   cstackBANK0  0032
___flmul@aexp                cstackBANK0  003C
___flmul@b                   cstackBANK0  002E
___flmul@bexp                cstackBANK0  0041
___flmul@grs                 cstackBANK0  003D
___flmul@prod                cstackBANK0  0042
___flmul@sign                cstackBANK0  003B
___flmul@temp                cstackBANK0  0046
___flsub                     text12       0859
___flsub@a                   cstackBANK0  0034
___flsub@b                   cstackBANK0  0038
___fltol                     text11       0A16
___fltol@exp1                cstackCOMMON 0076
___fltol@f1                  cstackBANK0  0020
___fltol@sign1               cstackCOMMON 0075
___int_sp                    stack        0000
___latbits                   (abs)        0002
___lwdiv                     text6        0978
___lwdiv@counter             cstackBANK0  0024
___lwdiv@dividend            cstackBANK0  0022
___lwdiv@divisor             cstackBANK0  0020
___lwdiv@quotient            cstackBANK0  0025
___lwmod                     text5        093C
___lwmod@counter             cstackBANK0  002B
___lwmod@dividend            cstackBANK0  0029
___lwmod@divisor             cstackBANK0  0027
___sp                        stack        0000
___stackhi                   (abs)        0000
___stacklo                   (abs)        0000
___xxtofl                    text10       0B36
___xxtofl@arg                cstackBANK0  002A
___xxtofl@exp                cstackBANK0  0029
___xxtofl@sign               cstackBANK0  0028
___xxtofl@val                cstackBANK0  0020
__end_of_Canales_ADC         text24       17C6
__end_of_Configuracion       text17       17E1
__end_of_DWR_LCD             text8        093C
__end_of_Envio               text16       1798
__end_of_FloatDec            text9        0DEA
__end_of_ISR                 text23       0A16
__end_of_Init_ADC            text22       178C
__end_of_Init_USART          text21       17AC
__end_of_Interrupciones_ADC  text20       1780
__end_of_LCD_CmdWrite        text19       0905
__end_of_LCD_DataWrite       text7        08A5
__end_of_WriteInt_LCD        text3        0859
__end_of__Umul8_16           text15       08CE
__end_of___fladd             text13       061A
__end_of___fldiv             text2        07F7
__end_of___flge              text1        0B36
__end_of___flmul             text14       0392
__end_of___flsub             text12       087D
__end_of___fltol             text11       0A92
__end_of___lwdiv             text6        09BE
__end_of___lwmod             text5        0978
__end_of___xxtofl            text10       0BF2
__end_of__initialization     cinit        002D
__end_of__stringtab          strings      0810
__end_of_dpowers             strings      081A
__end_of_init_LCD            text18       1800
__end_of_main                maintext     1000
__end_of_sprintf             text4        0CDC
__initialization             cinit        000F
__pbssBANK0                  bssBANK0     0062
__pbssBANK1                  bssBANK1     00A0
__pbssCOMMON                 bssCOMMON    0077
__pcstackBANK0               cstackBANK0  0020
__pcstackBANK1               cstackBANK1  00B8
__pcstackCOMMON              cstackCOMMON 0070
__pdataBANK0                 dataBANK0    006C
__pdataCOMMON                dataCOMMON   0078
__pidataBANK0                idataBANK0   0003
__pidataCOMMON               idataCOMMON  07FF
__pintentry                  intentry     0004
__pmaintext                  maintext     0DEA
__pstrings                   strings      0800
__ptext1                     text1        0A92
__ptext10                    text10       0B36
__ptext11                    text11       0A16
__ptext12                    text12       0859
__ptext13                    text13       0392
__ptext14                    text14       0031
__ptext15                    text15       08A5
__ptext16                    text16       178C
__ptext17                    text17       17C6
__ptext18                    text18       17E1
__ptext19                    text19       08CE
__ptext2                     text2        061A
__ptext20                    text20       177B
__ptext21                    text21       1798
__ptext22                    text22       1780
__ptext23                    text23       09BE
__ptext24                    text24       17AC
__ptext3                     text3        0839
__ptext4                     text4        0BF2
__ptext5                     text5        093C
__ptext6                     text6        0978
__ptext7                     text7        087D
__ptext8                     text8        0905
__ptext9                     text9        0CDC
__size_of_Canales_ADC        (abs)        0000
__size_of_Configuracion      (abs)        0000
__size_of_DWR_LCD            (abs)        0000
__size_of_Envio              (abs)        0000
__size_of_FloatDec           (abs)        0000
__size_of_ISR                (abs)        0000
__size_of_Init_ADC           (abs)        0000
__size_of_Init_USART         (abs)        0000
__size_of_Interrupciones_ADC (abs)        0000
__size_of_LCD_CmdWrite       (abs)        0000
__size_of_LCD_DataWrite      (abs)        0000
__size_of_WriteInt_LCD       (abs)        0000
__size_of__Umul8_16          (abs)        0000
__size_of___fladd            (abs)        0000
__size_of___fldiv            (abs)        0000
__size_of___flge             (abs)        0000
__size_of___flmul            (abs)        0000
__size_of___flsub            (abs)        0000
__size_of___fltol            (abs)        0000
__size_of___lwdiv            (abs)        0000
__size_of___lwmod            (abs)        0000
__size_of___xxtofl           (abs)        0000
__size_of_init_LCD           (abs)        0000
__size_of_main               (abs)        0000
__size_of_sprintf            (abs)        0000
__stringbase                 strings      080F
__stringtab                  strings      0800
_b                           bssCOMMON    0077
_dpowers                     strings      0810
_f1                          bssBANK1     00B4
_f2                          bssBANK1     00A8
_init_LCD                    text18       17E1
_main                        maintext     0DEA
_sprintf                     text4        0BF2
_tempU                       bssBANK1     00AC
btemp                        (abs)        007E
clear_ram0                   clrtext      07F7
end_of_initialization        cinit        002D
interrupt_function           intentry     0004
intlevel0                    functab      0000
intlevel1                    functab      0000
intlevel2                    functab      0000
intlevel3                    functab      0000
intlevel4                    functab      0000
intlevel5                    functab      0000
reset_vec                    reset_vec    0000
saved_w                      (abs)        007E
sprintf@ap                   cstackBANK0  0032
sprintf@c                    cstackBANK0  0038
sprintf@f                    cstackBANK0  002C
sprintf@flag                 cstackBANK0  0033
sprintf@prec                 cstackBANK0  0034
sprintf@sp                   cstackBANK0  0037
sprintf@val                  cstackBANK0  0035
start                        init         000C
start_initialization         cinit        000F
wtemp0                       (abs)        007E


FUNCTION INFORMATION:

 *************** function _main *****************
 Defined at:
		line 82 in file "Laboratorio_3.c"
 Parameters:    Size  Location     Type
		None
 Auto vars:     Size  Location     Type
		None
 Return value:  Size  Location     Type
                  1    wreg      void 
 Registers used:
		wreg, fsr0l, fsr0h, status,2, status,0, btemp+1, pclath, cstack
 Tracked objects:
		On entry : 
		On exit  : 
		Unchanged: 
 Data sizes:     COMMON   BANK0   BANK1   BANK3   BANK2
      Params:         0       0       0       0       0
      Locals:         0       0       0       0       0
      Temps:          0       0       4       0       0
      Totals:         0       0       4       0       0
Total ram usage:        4 bytes
 Hardware stack levels required when called:    5
 This function calls:
		_Configuracion
		_Envio
		_FloatDec
		_LCD_CmdWrite
		_LCD_DataWrite
		_WriteInt_LCD
		___fldiv
		___flge
		___flmul
		___fltol
		___xxtofl
 This function is called by:
		Startup code after reset
 This function uses a non-reentrant model


 *************** function ___flge *****************
 Defined at:
		line 4 in file "D:\Xc8\pic\sources\c90\common\flge.c"
 Parameters:    Size  Location     Type
  ff1             4    0[BANK0 ] void 
  ff2             4    4[BANK0 ] void 
 Auto vars:     Size  Location     Type
		None
 Return value:  Size  Location     Type
		None               void
 Registers used:
		wreg, status,2, status,0
 Tracked objects:
		On entry : 
		On exit  : 
		Unchanged: 
 Data sizes:     COMMON   BANK0   BANK1   BANK3   BANK2
      Params:         0       8       0       0       0
      Locals:         0       0       0       0       0
      Temps:          0       4       0       0       0
      Totals:         0      12       0       0       0
Total ram usage:       12 bytes
 Hardware stack levels used:    1
 Hardware stack levels required when called:    2
 This function calls:
		Nothing
 This function is called by:
		_main
 This function uses a non-reentrant model


 *************** function ___fldiv *****************
 Defined at:
		line 8 in file "D:\Xc8\pic\sources\c90\common\sprcdiv.c"
 Parameters:    Size  Location     Type
  a               4   40[BANK0 ] void 
  b               4   44[BANK0 ] void 
 Auto vars:     Size  Location     Type
  grs             4   60[BANK0 ] unsigned long 
  rem             4   53[BANK0 ] unsigned long 
  new_exp         2   58[BANK0 ] int 
  aexp            1   65[BANK0 ] unsigned char 
  bexp            1   64[BANK0 ] unsigned char 
  sign            1   57[BANK0 ] unsigned char 
 Return value:  Size  Location     Type
                  4   40[BANK0 ] unsigned char 
 Registers used:
		wreg, status,2, status,0, btemp+1
 Tracked objects:
		On entry : 
		On exit  : 
		Unchanged: 
 Data sizes:     COMMON   BANK0   BANK1   BANK3   BANK2
      Params:         0       8       0       0       0
      Locals:         0      13       0       0       0
      Temps:          0       5       0       0       0
      Totals:         0      26       0       0       0
Total ram usage:       26 bytes
 Hardware stack levels used:    1
 Hardware stack levels required when called:    2
 This function calls:
		Nothing
 This function is called by:
		_main
 This function uses a non-reentrant model


 *************** function _WriteInt_LCD *****************
 Defined at:
		line 88 in file "LCD.c"
 Parameters:    Size  Location     Type
  dato            1    wreg     unsigned char 
 Auto vars:     Size  Location     Type
  dato            1   28[BANK0 ] unsigned char 
  output1         3   29[BANK0 ] unsigned char [3]
 Return value:  Size  Location     Type
                  1    wreg      void 
 Registers used:
		wreg, fsr0l, fsr0h, status,2, status,0, btemp+1, pclath, cstack
 Tracked objects:
		On entry : 
		On exit  : 
		Unchanged: 
 Data sizes:     COMMON   BANK0   BANK1   BANK3   BANK2
      Params:         0       0       0       0       0
      Locals:         0       4       0       0       0
      Temps:          0       3       0       0       0
      Totals:         0       7       0       0       0
Total ram usage:        7 bytes
 Hardware stack levels used:    1
 Hardware stack levels required when called:    4
 This function calls:
		_LCD_DataWrite
		_sprintf
 This function is called by:
		_main
 This function uses a non-reentrant model


 *************** function _sprintf *****************
 Defined at:
		line 505 in file "D:\Xc8\pic\sources\c90\common\doprnt.c"
 Parameters:    Size  Location     Type
  sp              1    wreg     PTR unsigned char 
		 -> WriteInt_LCD@output1(3), 
  f               1   12[BANK0 ] PTR const unsigned char 
		 -> STR_1(3), 
 Auto vars:     Size  Location     Type
  sp              1   23[BANK0 ] PTR unsigned char 
		 -> WriteInt_LCD@output1(3), 
  tmpval          4    0        struct .
  val             2   21[BANK0 ] unsigned int 
  cp              2    0        PTR const unsigned char 
  len             2    0        unsigned int 
  c               1   24[BANK0 ] unsigned char 
  prec            1   20[BANK0 ] char 
  flag            1   19[BANK0 ] unsigned char 
  ap              1   18[BANK0 ] PTR void [1]
		 -> ?_sprintf(2), 
 Return value:  Size  Location     Type
                  2   12[BANK0 ] int 
 Registers used:
		wreg, fsr0l, fsr0h, status,2, status,0, btemp+1, pclath, cstack
 Tracked objects:
		On entry : 
		On exit  : 
		Unchanged: 
 Data sizes:     COMMON   BANK0   BANK1   BANK3   BANK2
      Params:         0       3       0       0       0
      Locals:         0       7       0       0       0
      Temps:          0       3       0       0       0
      Totals:         0      13       0       0       0
Total ram usage:       13 bytes
 Hardware stack levels used:    1
 Hardware stack levels required when called:    3
 This function calls:
		___lwdiv
		___lwmod
 This function is called by:
		_WriteInt_LCD
 This function uses a non-reentrant model


 *************** function ___lwmod *****************
 Defined at:
		line 5 in file "D:\Xc8\pic\sources\c90\common\lwmod.c"
 Parameters:    Size  Location     Type
  divisor         2    7[BANK0 ] unsigned int 
  dividend        2    9[BANK0 ] unsigned int 
 Auto vars:     Size  Location     Type
  counter         1   11[BANK0 ] unsigned char 
 Return value:  Size  Location     Type
                  2    7[BANK0 ] unsigned int 
 Registers used:
		wreg, status,2, status,0
 Tracked objects:
		On entry : 
		On exit  : 
		Unchanged: 
 Data sizes:     COMMON   BANK0   BANK1   BANK3   BANK2
      Params:         0       4       0       0       0
      Locals:         0       1       0       0       0
      Temps:          1       0       0       0       0
      Totals:         1       5       0       0       0
Total ram usage:        6 bytes
 Hardware stack levels used:    1
 Hardware stack levels required when called:    2
 This function calls:
		Nothing
 This function is called by:
		_sprintf
 This function uses a non-reentrant model


 *************** function ___lwdiv *****************
 Defined at:
		line 5 in file "D:\Xc8\pic\sources\c90\common\lwdiv.c"
 Parameters:    Size  Location     Type
  divisor         2    0[BANK0 ] unsigned int 
  dividend        2    2[BANK0 ] unsigned int 
 Auto vars:     Size  Location     Type
  quotient        2    5[BANK0 ] unsigned int 
  counter         1    4[BANK0 ] unsigned char 
 Return value:  Size  Location     Type
                  2    0[BANK0 ] unsigned int 
 Registers used:
		wreg, status,2, status,0
 Tracked objects:
		On entry : 
		On exit  : 
		Unchanged: 
 Data sizes:     COMMON   BANK0   BANK1   BANK3   BANK2
      Params:         0       4       0       0       0
      Locals:         0       3       0       0       0
      Temps:          1       0       0       0       0
      Totals:         1       7       0       0       0
Total ram usage:        8 bytes
 Hardware stack levels used:    1
 Hardware stack levels required when called:    2
 This function calls:
		Nothing
 This function is called by:
		_sprintf
 This function uses a non-reentrant model


 *************** function _LCD_DataWrite *****************
 Defined at:
		line 82 in file "LCD.c"
 Parameters:    Size  Location     Type
  dato            2    0[BANK0 ] PTR unsigned char 
		 -> STR_7(3), STR_6(3), STR_5(2), STR_4(3), 
		 -> STR_3(2), STR_2(17), WriteInt_LCD@output1(3), 
 Auto vars:     Size  Location     Type
		None
 Return value:  Size  Location     Type
                  1    wreg      void 
 Registers used:
		wreg, fsr0l, fsr0h, status,2, status,0, btemp+1, pclath, cstack
 Tracked objects:
		On entry : 
		On exit  : 
		Unchanged: 
 Data sizes:     COMMON   BANK0   BANK1   BANK3   BANK2
      Params:         0       2       0       0       0
      Locals:         0       0       0       0       0
      Temps:          0       0       0       0       0
      Totals:         0       2       0       0       0
Total ram usage:        2 bytes
 Hardware stack levels used:    1
 Hardware stack levels required when called:    3
 This function calls:
		_DWR_LCD
 This function is called by:
		_WriteInt_LCD
		_main
 This function uses a non-reentrant model


 *************** function _DWR_LCD *****************
 Defined at:
		line 59 in file "LCD.c"
 Parameters:    Size  Location     Type
  dat             1    wreg     unsigned char 
 Auto vars:     Size  Location     Type
  dat             1    6[COMMON] unsigned char 
 Return value:  Size  Location     Type
                  1    wreg      void 
 Registers used:
		wreg, status,2, status,0
 Tracked objects:
		On entry : 
		On exit  : 
		Unchanged: 
 Data sizes:     COMMON   BANK0   BANK1   BANK3   BANK2
      Params:         0       0       0       0       0
      Locals:         1       0       0       0       0
      Temps:          1       0       0       0       0
      Totals:         2       0       0       0       0
Total ram usage:        2 bytes
 Hardware stack levels used:    1
 Hardware stack levels required when called:    2
 This function calls:
		Nothing
 This function is called by:
		_LCD_DataWrite
 This function uses a non-reentrant model


 *************** function _FloatDec *****************
 Defined at:
		line 147 in file "Laboratorio_3.c"
 Parameters:    Size  Location     Type
  Variable        4   40[BANK0 ] float 
  Selector        1   44[BANK0 ] unsigned char 
 Auto vars:     Size  Location     Type
		None
 Return value:  Size  Location     Type
                  1    wreg      void 
 Registers used:
		wreg, status,2, status,0, btemp+1, pclath, cstack
 Tracked objects:
		On entry : 
		On exit  : 
		Unchanged: 
 Data sizes:     COMMON   BANK0   BANK1   BANK3   BANK2
      Params:         0       5       0       0       0
      Locals:         0       0       0       0       0
      Temps:          0       4       0       0       0
      Totals:         0       9       0       0       0
Total ram usage:        9 bytes
 Hardware stack levels used:    1
 Hardware stack levels required when called:    4
 This function calls:
		___flmul
		___flsub
		___fltol
		___xxtofl
 This function is called by:
		_main
 This function uses a non-reentrant model


 *************** function ___xxtofl *****************
 Defined at:
		line 10 in file "D:\Xc8\pic\sources\c90\common\xxtofl.c"
 Parameters:    Size  Location     Type
  sign            1    wreg     unsigned char 
  val             4    0[BANK0 ] long 
 Auto vars:     Size  Location     Type
  sign            1    8[BANK0 ] unsigned char 
  arg             4   10[BANK0 ] unsigned long 
  exp             1    9[BANK0 ] unsigned char 
 Return value:  Size  Location     Type
                  4    0[BANK0 ] unsigned char 
 Registers used:
		wreg, status,2, status,0
 Tracked objects:
		On entry : 
		On exit  : 
		Unchanged: 
 Data sizes:     COMMON   BANK0   BANK1   BANK3   BANK2
      Params:         0       4       0       0       0
      Locals:         0       6       0       0       0
      Temps:          0       4       0       0       0
      Totals:         0      14       0       0       0
Total ram usage:       14 bytes
 Hardware stack levels used:    1
 Hardware stack levels required when called:    2
 This function calls:
		Nothing
 This function is called by:
		_main
		_FloatDec
 This function uses a non-reentrant model


 *************** function ___fltol *****************
 Defined at:
		line 43 in file "D:\Xc8\pic\sources\c90\common\fltol.c"
 Parameters:    Size  Location     Type
  f1              4    0[BANK0 ] unsigned char 
 Auto vars:     Size  Location     Type
  exp1            1    6[COMMON] unsigned char 
  sign1           1    5[COMMON] unsigned char 
 Return value:  Size  Location     Type
                  4    0[BANK0 ] long 
 Registers used:
		wreg, status,2, status,0
 Tracked objects:
		On entry : 
		On exit  : 
		Unchanged: 
 Data sizes:     COMMON   BANK0   BANK1   BANK3   BANK2
      Params:         0       4       0       0       0
      Locals:         2       0       0       0       0
      Temps:          0       5       0       0       0
      Totals:         2       9       0       0       0
Total ram usage:       11 bytes
 Hardware stack levels used:    1
 Hardware stack levels required when called:    2
 This function calls:
		Nothing
 This function is called by:
		_main
		_FloatDec
 This function uses a non-reentrant model


 *************** function ___flsub *****************
 Defined at:
		line 242 in file "D:\Xc8\pic\sources\c90\common\sprcadd.c"
 Parameters:    Size  Location     Type
  a               4   20[BANK0 ] long 
  b               4   24[BANK0 ] long 
 Auto vars:     Size  Location     Type
		None
 Return value:  Size  Location     Type
                  4   20[BANK0 ] long 
 Registers used:
		wreg, status,2, status,0, btemp+1, pclath, cstack
 Tracked objects:
		On entry : 
		On exit  : 
		Unchanged: 
 Data sizes:     COMMON   BANK0   BANK1   BANK3   BANK2
      Params:         0       8       0       0       0
      Locals:         0       0       0       0       0
      Temps:          0       0       0       0       0
      Totals:         0       8       0       0       0
Total ram usage:        8 bytes
 Hardware stack levels used:    1
 Hardware stack levels required when called:    3
 This function calls:
		___fladd
 This function is called by:
		_FloatDec
 This function uses a non-reentrant model


 *************** function ___fladd *****************
 Defined at:
		line 10 in file "D:\Xc8\pic\sources\c90\common\sprcadd.c"
 Parameters:    Size  Location     Type
  b               4    0[BANK0 ] long 
  a               4    4[BANK0 ] long 
 Auto vars:     Size  Location     Type
  grs             1   19[BANK0 ] unsigned char 
  bexp            1   18[BANK0 ] unsigned char 
  aexp            1   17[BANK0 ] unsigned char 
  signs           1   16[BANK0 ] unsigned char 
 Return value:  Size  Location     Type
                  4    0[BANK0 ] unsigned char 
 Registers used:
		wreg, status,2, status,0, btemp+1
 Tracked objects:
		On entry : 
		On exit  : 
		Unchanged: 
 Data sizes:     COMMON   BANK0   BANK1   BANK3   BANK2
      Params:         0       8       0       0       0
      Locals:         0       4       0       0       0
      Temps:          0       8       0       0       0
      Totals:         0      20       0       0       0
Total ram usage:       20 bytes
 Hardware stack levels used:    1
 Hardware stack levels required when called:    2
 This function calls:
		Nothing
 This function is called by:
		___flsub
 This function uses a non-reentrant model


 *************** function ___flmul *****************
 Defined at:
		line 8 in file "D:\Xc8\pic\sources\c90\common\sprcmul.c"
 Parameters:    Size  Location     Type
  b               4   14[BANK0 ] unsigned char 
  a               4   18[BANK0 ] unsigned char 
 Auto vars:     Size  Location     Type
  prod            4   34[BANK0 ] struct .
  grs             4   29[BANK0 ] unsigned long 
  temp            2   38[BANK0 ] struct .
  bexp            1   33[BANK0 ] unsigned char 
  aexp            1   28[BANK0 ] unsigned char 
  sign            1   27[BANK0 ] unsigned char 
 Return value:  Size  Location     Type
                  4   14[BANK0 ] unsigned char 
 Registers used:
		wreg, status,2, status,0, btemp+1, pclath, cstack
 Tracked objects:
		On entry : 
		On exit  : 
		Unchanged: 
 Data sizes:     COMMON   BANK0   BANK1   BANK3   BANK2
      Params:         0       8       0       0       0
      Locals:         0      13       0       0       0
      Temps:          0       5       0       0       0
      Totals:         0      26       0       0       0
Total ram usage:       26 bytes
 Hardware stack levels used:    1
 Hardware stack levels required when called:    3
 This function calls:
		__Umul8_16
 This function is called by:
		_main
		_FloatDec
 This function uses a non-reentrant model


 *************** function __Umul8_16 *****************
 Defined at:
		line 4 in file "D:\Xc8\pic\sources\c90\common\Umul8_16.c"
 Parameters:    Size  Location     Type
  multiplier      1    wreg     unsigned char 
  multiplicand    1    5[COMMON] unsigned char 
 Auto vars:     Size  Location     Type
  multiplier      1    6[BANK0 ] unsigned char 
  word_mpld       2    4[BANK0 ] unsigned int 
  product         2    2[BANK0 ] unsigned int 
 Return value:  Size  Location     Type
                  2    5[COMMON] unsigned int 
 Registers used:
		wreg, status,2, status,0
 Tracked objects:
		On entry : 
		On exit  : 
		Unchanged: 
 Data sizes:     COMMON   BANK0   BANK1   BANK3   BANK2
      Params:         2       0       0       0       0
      Locals:         0       5       0       0       0
      Temps:          0       2       0       0       0
      Totals:         2       7       0       0       0
Total ram usage:        9 bytes
 Hardware stack levels used:    1
 Hardware stack levels required when called:    2
 This function calls:
		Nothing
 This function is called by:
		___flmul
 This function uses a non-reentrant model


 *************** function _Envio *****************
 Defined at:
		line 125 in file "Laboratorio_3.c"
 Parameters:    Size  Location     Type
  Lol             1    wreg     unsigned char 
 Auto vars:     Size  Location     Type
  Lol             1    5[COMMON] unsigned char 
 Return value:  Size  Location     Type
                  1    wreg      void 
 Registers used:
		wreg
 Tracked objects:
		On entry : 
		On exit  : 
		Unchanged: 
 Data sizes:     COMMON   BANK0   BANK1   BANK3   BANK2
      Params:         0       0       0       0       0
      Locals:         1       0       0       0       0
      Temps:          0       0       0       0       0
      Totals:         1       0       0       0       0
Total ram usage:        1 bytes
 Hardware stack levels used:    1
 Hardware stack levels required when called:    2
 This function calls:
		Nothing
 This function is called by:
		_main
 This function uses a non-reentrant model


 *************** function _Configuracion *****************
 Defined at:
		line 133 in file "Laboratorio_3.c"
 Parameters:    Size  Location     Type
		None
 Auto vars:     Size  Location     Type
		None
 Return value:  Size  Location     Type
                  1    wreg      void 
 Registers used:
		wreg, status,2, status,0, pclath, cstack
 Tracked objects:
		On entry : 
		On exit  : 
		Unchanged: 
 Data sizes:     COMMON   BANK0   BANK1   BANK3   BANK2
      Params:         0       0       0       0       0
      Locals:         0       0       0       0       0
      Temps:          0       0       0       0       0
      Totals:         0       0       0       0       0
Total ram usage:        0 bytes
 Hardware stack levels used:    1
 Hardware stack levels required when called:    4
 This function calls:
		_Init_ADC
		_Init_USART
		_Interrupciones_ADC
		_init_LCD
 This function is called by:
		_main
 This function uses a non-reentrant model


 *************** function _init_LCD *****************
 Defined at:
		line 95 in file "LCD.c"
 Parameters:    Size  Location     Type
		None
 Auto vars:     Size  Location     Type
		None
 Return value:  Size  Location     Type
                  1    wreg      void 
 Registers used:
		wreg, status,2, status,0, pclath, cstack
 Tracked objects:
		On entry : 
		On exit  : 
		Unchanged: 
 Data sizes:     COMMON   BANK0   BANK1   BANK3   BANK2
      Params:         0       0       0       0       0
      Locals:         0       0       0       0       0
      Temps:          0       0       0       0       0
      Totals:         0       0       0       0       0
Total ram usage:        0 bytes
 Hardware stack levels used:    1
 Hardware stack levels required when called:    3
 This function calls:
		_LCD_CmdWrite
 This function is called by:
		_Configuracion
 This function uses a non-reentrant model


 *************** function _LCD_CmdWrite *****************
 Defined at:
		line 36 in file "LCD.c"
 Parameters:    Size  Location     Type
  cmd             1    wreg     unsigned char 
 Auto vars:     Size  Location     Type
  cmd             1    6[COMMON] unsigned char 
 Return value:  Size  Location     Type
                  1    wreg      void 
 Registers used:
		wreg, status,2, status,0
 Tracked objects:
		On entry : 
		On exit  : 
		Unchanged: 
 Data sizes:     COMMON   BANK0   BANK1   BANK3   BANK2
      Params:         0       0       0       0       0
      Locals:         1       0       0       0       0
      Temps:          1       0       0       0       0
      Totals:         2       0       0       0       0
Total ram usage:        2 bytes
 Hardware stack levels used:    1
 Hardware stack levels required when called:    2
 This function calls:
		Nothing
 This function is called by:
		_init_LCD
		_main
 This function uses a non-reentrant model


 *************** function _Interrupciones_ADC *****************
 Defined at:
		line 23 in file "ADC.c"
 Parameters:    Size  Location     Type
		None
 Auto vars:     Size  Location     Type
		None
 Return value:  Size  Location     Type
                  1    wreg      void 
 Registers used:
		None
 Tracked objects:
		On entry : 
		On exit  : 
		Unchanged: 
 Data sizes:     COMMON   BANK0   BANK1   BANK3   BANK2
      Params:         0       0       0       0       0
      Locals:         0       0       0       0       0
      Temps:          0       0       0       0       0
      Totals:         0       0       0       0       0
Total ram usage:        0 bytes
 Hardware stack levels used:    1
 Hardware stack levels required when called:    2
 This function calls:
		Nothing
 This function is called by:
		_Configuracion
 This function uses a non-reentrant model


 *************** function _Init_USART *****************
 Defined at:
		line 13 in file "USART.c"
 Parameters:    Size  Location     Type
		None
 Auto vars:     Size  Location     Type
		None
 Return value:  Size  Location     Type
                  1    wreg      void 
 Registers used:
		wreg
 Tracked objects:
		On entry : 
		On exit  : 
		Unchanged: 
 Data sizes:     COMMON   BANK0   BANK1   BANK3   BANK2
      Params:         0       0       0       0       0
      Locals:         0       0       0       0       0
      Temps:          0       0       0       0       0
      Totals:         0       0       0       0       0
Total ram usage:        0 bytes
 Hardware stack levels used:    1
 Hardware stack levels required when called:    2
 This function calls:
		Nothing
 This function is called by:
		_Configuracion
 This function uses a non-reentrant model


 *************** function _Init_ADC *****************
 Defined at:
		line 13 in file "ADC.c"
 Parameters:    Size  Location     Type
		None
 Auto vars:     Size  Location     Type
		None
 Return value:  Size  Location     Type
                  1    wreg      void 
 Registers used:
		None
 Tracked objects:
		On entry : 
		On exit  : 
		Unchanged: 
 Data sizes:     COMMON   BANK0   BANK1   BANK3   BANK2
      Params:         0       0       0       0       0
      Locals:         0       0       0       0       0
      Temps:          0       0       0       0       0
      Totals:         0       0       0       0       0
Total ram usage:        0 bytes
 Hardware stack levels used:    1
 Hardware stack levels required when called:    2
 This function calls:
		Nothing
 This function is called by:
		_Configuracion
 This function uses a non-reentrant model


 *************** function _ISR *****************
 Defined at:
		line 55 in file "Laboratorio_3.c"
 Parameters:    Size  Location     Type
		None
 Auto vars:     Size  Location     Type
		None
 Return value:  Size  Location     Type
                  1    wreg      void 
 Registers used:
		wreg, status,2, status,0, pclath, cstack
 Tracked objects:
		On entry : 
		On exit  : 
		Unchanged: 
 Data sizes:     COMMON   BANK0   BANK1   BANK3   BANK2
      Params:         0       0       0       0       0
      Locals:         0       0       0       0       0
      Temps:          4       0       0       0       0
      Totals:         4       0       0       0       0
Total ram usage:        4 bytes
 Hardware stack levels used:    1
 Hardware stack levels required when called:    1
 This function calls:
		_Canales_ADC
 This function is called by:
		Interrupt level 1
 This function uses a non-reentrant model


 *************** function _Canales_ADC *****************
 Defined at:
		line 28 in file "ADC.c"
 Parameters:    Size  Location     Type
  Canal           1    wreg     unsigned char 
 Auto vars:     Size  Location     Type
  Canal           1    0[COMMON] unsigned char 
 Return value:  Size  Location     Type
                  1    wreg      void 
 Registers used:
		wreg, status,2, status,0
 Tracked objects:
		On entry : 
		On exit  : 
		Unchanged: 
 Data sizes:     COMMON   BANK0   BANK1   BANK3   BANK2
      Params:         0       0       0       0       0
      Locals:         1       0       0       0       0
      Temps:          0       0       0       0       0
      Totals:         1       0       0       0       0
Total ram usage:        1 bytes
 Hardware stack levels used:    1
 This function calls:
		Nothing
 This function is called by:
		_ISR
 This function uses a non-reentrant model



MODULE INFORMATION

Module		Function		Class		Link	Load	Size
USART.c
		_Init_USART    		CODE           	1798	0000	21

USART.c estimated size: 21

D:\Xc8\pic\sources\c90\common\sprcadd.c
		___flsub       		CODE           	0859	0000	37
		___fladd       		CODE           	0392	0000	649

D:\Xc8\pic\sources\c90\common\sprcadd.c estimated size: 686

Laboratorio_3.c
		_FloatDec      		CODE           	0CDC	0000	271
		_ISR           		CODE           	09BE	0000	89
		_main          		CODE           	0DEA	0000	535
		_Envio         		CODE           	178C	0000	13
		_Configuracion 		CODE           	17C6	0000	28

Laboratorio_3.c estimated size: 936

D:\Xc8\pic\sources\c90\common\lwmod.c
		___lwmod       		CODE           	093C	0000	61

D:\Xc8\pic\sources\c90\common\lwmod.c estimated size: 61

D:\Xc8\pic\sources\c90\common\xxtofl.c
		___xxtofl      		CODE           	0B36	0000	189

D:\Xc8\pic\sources\c90\common\xxtofl.c estimated size: 189

D:\Xc8\pic\sources\c90\common\doprnt.c
		_sprintf       		CODE           	0BF2	0000	235

D:\Xc8\pic\sources\c90\common\doprnt.c estimated size: 235

D:\Xc8\pic\sources\c90\common\lwdiv.c
		___lwdiv       		CODE           	0978	0000	71

D:\Xc8\pic\sources\c90\common\lwdiv.c estimated size: 71

D:\Xc8\pic\sources\c90\common\fltol.c
		___fltol       		CODE           	0A16	0000	125

D:\Xc8\pic\sources\c90\common\fltol.c estimated size: 125

D:\Xc8\pic\sources\c90\common\Umul8_16.c
		__Umul8_16     		CODE           	08A5	0000	42

D:\Xc8\pic\sources\c90\common\Umul8_16.c estimated size: 42

shared
		__stringtab    		STRING         	0800	0000	17
		_dpowers       		STRING         	0810	0000	11
		__initialization		CODE           	000F	0000	31

shared estimated size: 59

D:\Xc8\pic\sources\c90\common\sprcmul.c
		___flmul       		CODE           	0031	0000	866

D:\Xc8\pic\sources\c90\common\sprcmul.c estimated size: 866

ADC.c
		_Init_ADC      		CODE           	1780	0000	13
		_Interrupciones_ADC		CODE           	177B	0000	6
		_Canales_ADC   		CODE           	17AC	0000	27

ADC.c estimated size: 46

D:\Xc8\pic\sources\c90\common\sprcdiv.c
		___fldiv       		CODE           	061A	0000	478

D:\Xc8\pic\sources\c90\common\sprcdiv.c estimated size: 478

D:\Xc8\pic\sources\c90\common\flge.c
		___flge        		CODE           	0A92	0000	165

D:\Xc8\pic\sources\c90\common\flge.c estimated size: 165

LCD.c
		_WriteInt_LCD  		CODE           	0839	0000	33
		_DWR_LCD       		CODE           	0905	0000	56
		_LCD_CmdWrite  		CODE           	08CE	0000	56
		_LCD_DataWrite 		CODE           	087D	0000	41
		_init_LCD      		CODE           	17E1	0000	32

LCD.c estimated size: 218

