Microchip MPLAB XC8 Compiler V2.10 ()

Linker command line:

-W-3 --edf=D:\Xc8\pic\dat\en_msgs.txt -cs \
  -h+dist/default/production\Lab_5_I2C_Master.X.production.sym \
  --cmf=dist/default/production\Lab_5_I2C_Master.X.production.cmf -z \
  -Q16F887 -oC:\Users\Marco\AppData\Local\Temp\s175g.2 \
  --defsym=__MPLAB_BUILD=1 \
  -Mdist/default/production/Lab_5_I2C_Master.X.production.map -E1 -ver=XC8 \
  --acfsm=1493 -ASTACK=0110h-016Fh -pstack=STACK -ACODE=00h-07FFhx4 \
  -ASTRCODE=00h-01FFFh -ASTRING=00h-0FFhx32 -ACONST=00h-0FFhx32 \
  -AENTRY=00h-0FFhx32 -ACOMMON=070h-07Fh -ABANK0=020h-06Fh \
  -ABANK1=0A0h-0EFh -ABANK2=0110h-016Fh -ABANK3=0190h-01EFh \
  -ARAM=020h-06Fh,0A0h-0EFh,0110h-016Fh,0190h-01EFh \
  -AABS1=020h-07Fh,0A0h-0EFh,0110h-016Fh,0190h-01EFh -ASFR0=00h-01Fh \
  -ASFR1=080h-09Fh -ASFR2=0100h-010Fh -ASFR3=0180h-018Fh \
  -preset_vec=00h,intentry,init,end_init -ppowerup=CODE -pcinit=CODE \
  -pfunctab=ENTRY -ACONFIG=02007h-02008h -pconfig=CONFIG -DCONFIG=2 \
  -AIDLOC=02000h-02003h -pidloc=IDLOC -DIDLOC=2 -AEEDATA=00h-0FFh/02100h \
  -peeprom_data=EEDATA -DEEDATA=2 -DCODE=2 -DSTRCODE=2 -DSTRING=2 -DCONST=2 \
  -DENTRY=2 -k C:\Users\Marco\AppData\Local\Temp\s175g.o \
  dist/default/production\Lab_5_I2C_Master.X.production.o 

Object code version is 3.11

Machine type is 16F887



                Name                               Link     Load   Length Selector   Space Scale
C:\Users\Marco\AppData\Local\Temp\s175g.o
                end_init                              0        0        3        0       0
                config                             2007     2007        2     400E       0
dist/default/production\Lab_5_I2C_Master.X.production.o
                cinit                               7F3      7F3        D      FE6       0
                text17                              62A      62A       66      C54       0
                text16                              50F      50F       38      A1E       0
                text15                              4A1      4A1       37      942       0
                text14                              42E      42E       1F      85C       0
                text13                              415      415       19      82A       0
                text12                              3E1      3E1        D      7C2       0
                text11                              473      473       2E      8E6       0
                text10                              3C5      3C5        9      78A       0
                text9                               3CE      3CE        9      79C       0
                text8                               3D7      3D7        A      7AE       0
                text7                               4D8      4D8       37      9B0       0
                text6                               44D      44D       26      89A       0
                text5                               400      400       15      800       0
                text4                               581      581       44      B02       0
                text3                               547      547       3A      A8E       0
                text2                               3EE      3EE       12      7DC       0
                text1                               690      690      163      D20       0
                maintext                            5C5      5C5       65      B8A       0
                cstackBANK0                          31       31       10       20       1
                cstackCOMMON                         70       70        E       70       1
                clrtext                             3BD      3BD        8      77A       0
                bssBANK0                             20       20       11       20       1
                strings                               3        3       33        6       0

TOTAL           Name                               Link     Load   Length     Space
        CLASS   STACK          

        CLASS   CODE           
                end_init                              0        0        3         0
                cinit                               7F3      7F3        D         0
                text17                              62A      62A       66         0
                text16                              50F      50F       38         0
                text15                              4A1      4A1       37         0
                text14                              42E      42E       1F         0
                text13                              415      415       19         0
                text12                              3E1      3E1        D         0
                text11                              473      473       2E         0
                text10                              3C5      3C5        9         0
                text9                               3CE      3CE        9         0
                text8                               3D7      3D7        A         0
                text7                               4D8      4D8       37         0
                text6                               44D      44D       26         0
                text5                               400      400       15         0
                text4                               581      581       44         0
                text3                               547      547       3A         0
                text2                               3EE      3EE       12         0
                text1                               690      690      163         0
                maintext                            5C5      5C5       65         0
                clrtext                             3BD      3BD        8         0

        CLASS   STRCODE        

        CLASS   STRING         
                strings                               3        3       33         0

        CLASS   CONST          

        CLASS   ENTRY          

        CLASS   COMMON         
                cstackCOMMON                         70       70        E         1

        CLASS   BANK0          
                cstackBANK0                          31       31       10         1
                bssBANK0                             20       20       11         1

        CLASS   BANK1          

        CLASS   BANK2          

        CLASS   BANK3          

        CLASS   RAM            

        CLASS   ABS1           
                abs_s1                               7E       7E        2         1

        CLASS   SFR0           

        CLASS   SFR1           

        CLASS   SFR2           

        CLASS   SFR3           

        CLASS   CONFIG         
                config                             2007     2007        2         0

        CLASS   IDLOC          

        CLASS   EEDATA         



SEGMENTS        Name                           Load    Length   Top    Selector   Space  Class     Delta

                reset_vec                      000000  000003  000003         0       0  CODE        2
                strings                        000003  000033  000036         6       0  STRING      2
                bssBANK0                       000020  000021  000041        20       1  BANK0       1
                cstackCOMMON                   000070  00000E  00007E        70       1  COMMON      1
                clrtext                        0003BD  000008  0003C5       77A       0  CODE        2
                text10                         0003C5  000009  0003CE       78A       0  CODE        2
                text9                          0003CE  000009  0003D7       79C       0  CODE        2
                text8                          0003D7  00000A  0003E1       7AE       0  CODE        2
                text12                         0003E1  00000D  0003EE       7C2       0  CODE        2
                text2                          0003EE  000012  000400       7DC       0  CODE        2
                text5                          000400  000015  000415       800       0  CODE        2
                text13                         000415  000019  00042E       82A       0  CODE        2
                text14                         00042E  00001F  00044D       85C       0  CODE        2
                text6                          00044D  000026  000473       89A       0  CODE        2
                text11                         000473  00002E  0004A1       8E6       0  CODE        2
                text15                         0004A1  000037  0004D8       942       0  CODE        2
                text7                          0004D8  000037  00050F       9B0       0  CODE        2
                text16                         00050F  000038  000547       A1E       0  CODE        2
                text3                          000547  00003A  000581       A8E       0  CODE        2
                text4                          000581  000044  0005C5       B02       0  CODE        2
                maintext                       0005C5  000065  00062A       B8A       0  CODE        2
                text17                         00062A  000066  000690       C54       0  CODE        2
                text1                          000690  000163  0007F3       D20       0  CODE        2
                cinit                          0007F3  00000D  000800       FE6       0  CODE        2
                config                         002007  000002  002009      400E       0  CONFIG      2


UNUSED ADDRESS RANGES

        Name                Unused          Largest block    Delta
        BANK0            0041-006F             2F           1
        BANK1            00A0-00EF             50           1
        BANK2            0110-016F             60           1
        BANK3            0190-01EF             60           1
        CODE             0036-03BC            387           2
                         0800-1FFF            800
        CONST            0036-03BC            100           2
                         0800-1FFF            100
        EEDATA           2100-21FF            100           2
        ENTRY            0036-03BC            100           2
                         0800-1FFF            100
        IDLOC            2000-2003              4           2
        RAM              0041-006F             2F           1
                         00A0-00EF             50
                         0110-016F             60
                         0190-01EF             60
        SFR0             0000-001F             20           1
        SFR1             0080-009F             20           1
        SFR2             0100-010F             10           1
        SFR3             0180-018F             10           1
        STACK            0110-016F             60           1
        STRCODE          0036-03BC            387           2
                         0800-1FFF           1800
        STRING           0036-03BC            100           2
                         0800-1FFF            100

                                  Symbol Table

?_I2C_Master_Read          cstackCOMMON 0070
?___lldiv                  cstackCOMMON 0070
?___lwdiv                  cstackCOMMON 0070
?___lwmod                  cstackCOMMON 0078
?_sprintf                  cstackBANK0  0031
DWR_LCD@dat                cstackCOMMON 0071
I2C_Master_Init@c          cstackBANK0  0031
I2C_Master_Read@a          cstackCOMMON 0070
I2C_Master_Read@temp       cstackCOMMON 0074
I2C_Master_Write@d         cstackCOMMON 0070
LCD_CmdWrite@cmd           cstackCOMMON 0071
LCD_DataWrite@dato         cstackCOMMON 0072
_Configuracion             text13       0415
_DWR_LCD                   text7        04D8
_GIE                       (abs)        005F
_I2C_Master_Init           text16       050F
_I2C_Master_Read           text11       0473
_I2C_Master_Start          text10       03C5
_I2C_Master_Stop           text9        03CE
_I2C_Master_Wait           text12       03E1
_I2C_Master_Write          text8        03D7
_LCD_CmdWrite              text15       04A1
_LCD_DataWrite             text6        044D
_PEIE                      (abs)        005E
_PORTB                     (abs)        0006
_PORTDbits                 (abs)        0008
_SSPADD                    (abs)        0093
_SSPBUF                    (abs)        0013
_SSPCON                    (abs)        0014
_SSPCON2                   (abs)        0091
_SSPCON2bits               (abs)        0091
_SSPIE                     (abs)        0463
_SSPIF                     (abs)        0063
_SSPSTAT                   (abs)        0094
_TRISB                     (abs)        0086
_TRISC3                    (abs)        043B
_TRISC4                    (abs)        043C
_TRISCbits                 (abs)        0087
_TRISD                     (abs)        0088
__CFG_BOR4V$BOR40V         (abs)        0000
__CFG_BOREN$OFF            (abs)        0000
__CFG_CP$OFF               (abs)        0000
__CFG_CPD$OFF              (abs)        0000
__CFG_FCMEN$OFF            (abs)        0000
__CFG_FOSC$INTRC_NOCLKOUT  (abs)        0000
__CFG_IESO$OFF             (abs)        0000
__CFG_LVP$OFF              (abs)        0000
__CFG_MCLRE$OFF            (abs)        0000
__CFG_PWRTE$OFF            (abs)        0000
__CFG_WDTE$OFF             (abs)        0000
__CFG_WRT$OFF              (abs)        0000
__Habs1                    abs1         0000
__Hbank0                   bank0        0000
__Hbank1                   bank1        0000
__Hbank2                   bank2        0000
__Hbank3                   bank3        0000
__HbssBANK0                bssBANK0     0000
__Hcinit                   cinit        0800
__Hclrtext                 clrtext      0000
__Hcode                    code         0000
__Hcommon                  common       0000
__Hconfig                  config       2009
__HcstackBANK0             cstackBANK0  0000
__HcstackCOMMON            cstackCOMMON 0000
__Heeprom_data             eeprom_data  0000
__Hend_init                end_init     0003
__Hfunctab                 functab      0000
__Hidloc                   idloc        0000
__Hinit                    init         0000
__Hintentry                intentry     0000
__Hmaintext                maintext     0000
__Hpowerup                 powerup      0000
__Hram                     ram          0000
__Hreset_vec               reset_vec    0000
__Hsfr0                    sfr0         0000
__Hsfr1                    sfr1         0000
__Hsfr2                    sfr2         0000
__Hsfr3                    sfr3         0000
__Hspace_0                 (abs)        2009
__Hspace_1                 (abs)        007E
__Hspace_2                 (abs)        0000
__Hspace_3                 (abs)        0000
__Hstack                   stack        0000
__Hstrings                 strings      0000
__Htext                    text         0000
__Labs1                    abs1         0000
__Lbank0                   bank0        0000
__Lbank1                   bank1        0000
__Lbank2                   bank2        0000
__Lbank3                   bank3        0000
__LbssBANK0                bssBANK0     0000
__Lcinit                   cinit        07F3
__Lclrtext                 clrtext      0000
__Lcode                    code         0000
__Lcommon                  common       0000
__Lconfig                  config       2007
__LcstackBANK0             cstackBANK0  0000
__LcstackCOMMON            cstackCOMMON 0000
__Leeprom_data             eeprom_data  0000
__Lend_init                end_init     0000
__Lfunctab                 functab      0000
__Lidloc                   idloc        0000
__Linit                    init         0000
__Lintentry                intentry     0000
__Lmaintext                maintext     0000
__Lpowerup                 powerup      0000
__Lram                     ram          0000
__Lreset_vec               reset_vec    0000
__Lsfr0                    sfr0         0000
__Lsfr1                    sfr1         0000
__Lsfr2                    sfr2         0000
__Lsfr3                    sfr3         0000
__Lspace_0                 (abs)        0000
__Lspace_1                 (abs)        0000
__Lspace_2                 (abs)        0000
__Lspace_3                 (abs)        0000
__Lstack                   stack        0000
__Lstrings                 strings      0000
__Ltext                    text         0000
__S0                       (abs)        2009
__S1                       (abs)        007E
__S2                       (abs)        0000
__S3                       (abs)        0000
___bmul                    text5        0400
___bmul@multiplicand       cstackCOMMON 0070
___bmul@multiplier         cstackCOMMON 0073
___bmul@product            cstackCOMMON 0072
___int_sp                  stack        0000
___latbits                 (abs)        0002
___lldiv                   text17       062A
___lldiv@counter           cstackCOMMON 007D
___lldiv@dividend          cstackCOMMON 0074
___lldiv@divisor           cstackCOMMON 0070
___lldiv@quotient          cstackCOMMON 0079
___lwdiv                   text4        0581
___lwdiv@counter           cstackCOMMON 0077
___lwdiv@dividend          cstackCOMMON 0072
___lwdiv@divisor           cstackCOMMON 0070
___lwdiv@quotient          cstackCOMMON 0075
___lwmod                   text3        0547
___lwmod@counter           cstackCOMMON 007D
___lwmod@dividend          cstackCOMMON 007A
___lwmod@divisor           cstackCOMMON 0078
___sp                      stack        0000
___stackhi                 (abs)        0000
___stacklo                 (abs)        0000
__end_of_Configuracion     text13       042E
__end_of_DWR_LCD           text7        050F
__end_of_I2C_Master_Init   text16       0547
__end_of_I2C_Master_Read   text11       04A1
__end_of_I2C_Master_Start  text10       03CE
__end_of_I2C_Master_Stop   text9        03D7
__end_of_I2C_Master_Wait   text12       03EE
__end_of_I2C_Master_Write  text8        03E1
__end_of_LCD_CmdWrite      text15       04D8
__end_of_LCD_DataWrite     text6        0473
__end_of___bmul            text5        0415
__end_of___lldiv           text17       0690
__end_of___lwdiv           text4        05C5
__end_of___lwmod           text3        0581
__end_of__initialization   cinit        07FC
__end_of__stringtab        strings      0013
__end_of_dpowers           strings      001D
__end_of_init_LCD          text14       044D
__end_of_isdigit           text2        0400
__end_of_main              maintext     062A
__end_of_sprintf           text1        07F3
__initialization           cinit        07F3
__pbssBANK0                bssBANK0     0020
__pcstackBANK0             cstackBANK0  0031
__pcstackCOMMON            cstackCOMMON 0070
__pmaintext                maintext     05C5
__pstrings                 strings      0003
__ptext1                   text1        0690
__ptext10                  text10       03C5
__ptext11                  text11       0473
__ptext12                  text12       03E1
__ptext13                  text13       0415
__ptext14                  text14       042E
__ptext15                  text15       04A1
__ptext16                  text16       050F
__ptext17                  text17       062A
__ptext2                   text2        03EE
__ptext3                   text3        0547
__ptext4                   text4        0581
__ptext5                   text5        0400
__ptext6                   text6        044D
__ptext7                   text7        04D8
__ptext8                   text8        03D7
__ptext9                   text9        03CE
__size_of_Configuracion    (abs)        0000
__size_of_DWR_LCD          (abs)        0000
__size_of_I2C_Master_Init  (abs)        0000
__size_of_I2C_Master_Read  (abs)        0000
__size_of_I2C_Master_Start (abs)        0000
__size_of_I2C_Master_Stop  (abs)        0000
__size_of_I2C_Master_Wait  (abs)        0000
__size_of_I2C_Master_Write (abs)        0000
__size_of_LCD_CmdWrite     (abs)        0000
__size_of_LCD_DataWrite    (abs)        0000
__size_of___bmul           (abs)        0000
__size_of___lldiv          (abs)        0000
__size_of___lwdiv          (abs)        0000
__size_of___lwmod          (abs)        0000
__size_of_init_LCD         (abs)        0000
__size_of_isdigit          (abs)        0000
__size_of_main             (abs)        0000
__size_of_sprintf          (abs)        0000
__stringbase               strings      0012
__stringtab                strings      0003
_dpowers                   strings      0013
_init_LCD                  text14       042E
_isdigit                   text2        03EE
_isdigit$663               cstackCOMMON 0070
_main                      maintext     05C5
_sprintf                   text1        0690
_val                       bssBANK0     0020
_valor                     bssBANK0     0021
btemp                      (abs)        007E
clear_ram0                 clrtext      03BD
end_of_initialization      cinit        07FC
intlevel0                  functab      0000
intlevel1                  functab      0000
intlevel2                  functab      0000
intlevel3                  functab      0000
intlevel4                  functab      0000
intlevel5                  functab      0000
isdigit@c                  cstackCOMMON 0071
reset_vec                  reset_vec    0000
sprintf@ap                 cstackBANK0  0037
sprintf@c                  cstackBANK0  003D
sprintf@f                  cstackBANK0  0031
sprintf@flag               cstackBANK0  0038
sprintf@prec               cstackBANK0  003C
sprintf@sp                 cstackBANK0  003B
sprintf@val                cstackBANK0  0039
start                      init         0000
start_initialization       cinit        07F3
wtemp0                     (abs)        007E


FUNCTION INFORMATION:

 *************** function _main *****************
 Defined at:
		line 37 in file "I2C_Master.c"
 Parameters:    Size  Location     Type
		None
 Auto vars:     Size  Location     Type
		None
 Return value:  Size  Location     Type
                  1    wreg      void 
 Registers used:
		wreg, fsr0l, fsr0h, status,2, status,0, btemp+1, pclath, cstack
 Tracked objects:
		On entry : 
		On exit  : 
		Unchanged: 
 Data sizes:     COMMON   BANK0   BANK1   BANK3   BANK2
      Params:         0       0       0       0       0
      Locals:         0       0       0       0       0
      Temps:          0       3       0       0       0
      Totals:         0       3       0       0       0
Total ram usage:        3 bytes
 Hardware stack levels required when called:    3
 This function calls:
		_Configuracion
		_I2C_Master_Read
		_I2C_Master_Start
		_I2C_Master_Stop
		_I2C_Master_Write
		_LCD_CmdWrite
		_LCD_DataWrite
		_sprintf
 This function is called by:
		Startup code after reset
 This function uses a non-reentrant model


 *************** function _sprintf *****************
 Defined at:
		line 505 in file "D:\Xc8\pic\sources\c90\common\doprnt.c"
 Parameters:    Size  Location     Type
  sp              1    wreg     PTR unsigned char 
		 -> valor(16), WriteInt_LCD@output1(3), 
  f               1    0[BANK0 ] PTR const unsigned char 
		 -> STR_3(5), STR_1(3), 
 Auto vars:     Size  Location     Type
  sp              1   10[BANK0 ] PTR unsigned char 
		 -> valor(16), WriteInt_LCD@output1(3), 
  tmpval          4    0        struct .
  val             2    8[BANK0 ] unsigned int 
  cp              2    0        PTR const unsigned char 
  len             2    0        unsigned int 
  c               1   12[BANK0 ] unsigned char 
  prec            1   11[BANK0 ] char 
  flag            1    7[BANK0 ] unsigned char 
  ap              1    6[BANK0 ] PTR void [1]
		 -> ?_sprintf(2), 
 Return value:  Size  Location     Type
                  2    0[BANK0 ] int 
 Registers used:
		wreg, fsr0l, fsr0h, status,2, status,0, btemp+1, pclath, cstack
 Tracked objects:
		On entry : 
		On exit  : 
		Unchanged: 
 Data sizes:     COMMON   BANK0   BANK1   BANK3   BANK2
      Params:         0       3       0       0       0
      Locals:         0       7       0       0       0
      Temps:          0       3       0       0       0
      Totals:         0      13       0       0       0
Total ram usage:       13 bytes
 Hardware stack levels used:    1
 Hardware stack levels required when called:    1
 This function calls:
		___bmul
		___lwdiv
		___lwmod
		_isdigit
 This function is called by:
		_main
		_WriteInt_LCD
 This function uses a non-reentrant model


 *************** function _isdigit *****************
 Defined at:
		line 8 in file "D:\Xc8\pic\sources\c90\common\isdigit.c"
 Parameters:    Size  Location     Type
  c               1    wreg     unsigned char 
 Auto vars:     Size  Location     Type
  c               1    1[COMMON] unsigned char 
 Return value:  Size  Location     Type
		None               void
 Registers used:
		wreg, status,2, status,0
 Tracked objects:
		On entry : 
		On exit  : 
		Unchanged: 
 Data sizes:     COMMON   BANK0   BANK1   BANK3   BANK2
      Params:         0       0       0       0       0
      Locals:         2       0       0       0       0
      Temps:          0       0       0       0       0
      Totals:         2       0       0       0       0
Total ram usage:        2 bytes
 Hardware stack levels used:    1
 This function calls:
		Nothing
 This function is called by:
		_sprintf
 This function uses a non-reentrant model


 *************** function ___lwmod *****************
 Defined at:
		line 5 in file "D:\Xc8\pic\sources\c90\common\lwmod.c"
 Parameters:    Size  Location     Type
  divisor         2    8[COMMON] unsigned int 
  dividend        2   10[COMMON] unsigned int 
 Auto vars:     Size  Location     Type
  counter         1   13[COMMON] unsigned char 
 Return value:  Size  Location     Type
                  2    8[COMMON] unsigned int 
 Registers used:
		wreg, status,2, status,0
 Tracked objects:
		On entry : 
		On exit  : 
		Unchanged: 
 Data sizes:     COMMON   BANK0   BANK1   BANK3   BANK2
      Params:         4       0       0       0       0
      Locals:         1       0       0       0       0
      Temps:          1       0       0       0       0
      Totals:         6       0       0       0       0
Total ram usage:        6 bytes
 Hardware stack levels used:    1
 This function calls:
		Nothing
 This function is called by:
		_sprintf
 This function uses a non-reentrant model


 *************** function ___lwdiv *****************
 Defined at:
		line 5 in file "D:\Xc8\pic\sources\c90\common\lwdiv.c"
 Parameters:    Size  Location     Type
  divisor         2    0[COMMON] unsigned int 
  dividend        2    2[COMMON] unsigned int 
 Auto vars:     Size  Location     Type
  quotient        2    5[COMMON] unsigned int 
  counter         1    7[COMMON] unsigned char 
 Return value:  Size  Location     Type
                  2    0[COMMON] unsigned int 
 Registers used:
		wreg, status,2, status,0
 Tracked objects:
		On entry : 
		On exit  : 
		Unchanged: 
 Data sizes:     COMMON   BANK0   BANK1   BANK3   BANK2
      Params:         4       0       0       0       0
      Locals:         3       0       0       0       0
      Temps:          1       0       0       0       0
      Totals:         8       0       0       0       0
Total ram usage:        8 bytes
 Hardware stack levels used:    1
 This function calls:
		Nothing
 This function is called by:
		_sprintf
 This function uses a non-reentrant model


 *************** function ___bmul *****************
 Defined at:
		line 4 in file "D:\Xc8\pic\sources\c90\common\Umul8.c"
 Parameters:    Size  Location     Type
  multiplier      1    wreg     unsigned char 
  multiplicand    1    0[COMMON] unsigned char 
 Auto vars:     Size  Location     Type
  multiplier      1    3[COMMON] unsigned char 
  product         1    2[COMMON] unsigned char 
 Return value:  Size  Location     Type
                  1    wreg      unsigned char 
 Registers used:
		wreg, status,2, status,0
 Tracked objects:
		On entry : 
		On exit  : 
		Unchanged: 
 Data sizes:     COMMON   BANK0   BANK1   BANK3   BANK2
      Params:         1       0       0       0       0
      Locals:         2       0       0       0       0
      Temps:          1       0       0       0       0
      Totals:         4       0       0       0       0
Total ram usage:        4 bytes
 Hardware stack levels used:    1
 This function calls:
		Nothing
 This function is called by:
		_sprintf
 This function uses a non-reentrant model


 *************** function _LCD_DataWrite *****************
 Defined at:
		line 82 in file "LCD.c"
 Parameters:    Size  Location     Type
  dato            2    2[COMMON] PTR unsigned char 
		 -> valor(16), STR_2(17), WriteInt_LCD@output1(3), 
 Auto vars:     Size  Location     Type
		None
 Return value:  Size  Location     Type
                  1    wreg      void 
 Registers used:
		wreg, fsr0l, fsr0h, status,2, status,0, btemp+1, pclath, cstack
 Tracked objects:
		On entry : 
		On exit  : 
		Unchanged: 
 Data sizes:     COMMON   BANK0   BANK1   BANK3   BANK2
      Params:         2       0       0       0       0
      Locals:         0       0       0       0       0
      Temps:          0       0       0       0       0
      Totals:         2       0       0       0       0
Total ram usage:        2 bytes
 Hardware stack levels used:    1
 Hardware stack levels required when called:    1
 This function calls:
		_DWR_LCD
 This function is called by:
		_main
		_WriteInt_LCD
 This function uses a non-reentrant model


 *************** function _DWR_LCD *****************
 Defined at:
		line 59 in file "LCD.c"
 Parameters:    Size  Location     Type
  dat             1    wreg     unsigned char 
 Auto vars:     Size  Location     Type
  dat             1    1[COMMON] unsigned char 
 Return value:  Size  Location     Type
                  1    wreg      void 
 Registers used:
		wreg, status,2, status,0
 Tracked objects:
		On entry : 
		On exit  : 
		Unchanged: 
 Data sizes:     COMMON   BANK0   BANK1   BANK3   BANK2
      Params:         0       0       0       0       0
      Locals:         1       0       0       0       0
      Temps:          1       0       0       0       0
      Totals:         2       0       0       0       0
Total ram usage:        2 bytes
 Hardware stack levels used:    1
 This function calls:
		Nothing
 This function is called by:
		_LCD_DataWrite
 This function uses a non-reentrant model


 *************** function _I2C_Master_Write *****************
 Defined at:
		line 62 in file "I2C.c"
 Parameters:    Size  Location     Type
  d               2    0[COMMON] unsigned int 
 Auto vars:     Size  Location     Type
		None
 Return value:  Size  Location     Type
                  1    wreg      void 
 Registers used:
		wreg, status,2, status,0, pclath, cstack
 Tracked objects:
		On entry : 
		On exit  : 
		Unchanged: 
 Data sizes:     COMMON   BANK0   BANK1   BANK3   BANK2
      Params:         2       0       0       0       0
      Locals:         0       0       0       0       0
      Temps:          0       0       0       0       0
      Totals:         2       0       0       0       0
Total ram usage:        2 bytes
 Hardware stack levels used:    1
 Hardware stack levels required when called:    1
 This function calls:
		_I2C_Master_Wait
 This function is called by:
		_main
 This function uses a non-reentrant model


 *************** function _I2C_Master_Stop *****************
 Defined at:
		line 52 in file "I2C.c"
 Parameters:    Size  Location     Type
		None
 Auto vars:     Size  Location     Type
		None
 Return value:  Size  Location     Type
                  1    wreg      void 
 Registers used:
		wreg, status,2, status,0, pclath, cstack
 Tracked objects:
		On entry : 
		On exit  : 
		Unchanged: 
 Data sizes:     COMMON   BANK0   BANK1   BANK3   BANK2
      Params:         0       0       0       0       0
      Locals:         0       0       0       0       0
      Temps:          0       0       0       0       0
      Totals:         0       0       0       0       0
Total ram usage:        0 bytes
 Hardware stack levels used:    1
 Hardware stack levels required when called:    1
 This function calls:
		_I2C_Master_Wait
 This function is called by:
		_main
 This function uses a non-reentrant model


 *************** function _I2C_Master_Start *****************
 Defined at:
		line 36 in file "I2C.c"
 Parameters:    Size  Location     Type
		None
 Auto vars:     Size  Location     Type
		None
 Return value:  Size  Location     Type
                  1    wreg      void 
 Registers used:
		wreg, status,2, status,0, pclath, cstack
 Tracked objects:
		On entry : 
		On exit  : 
		Unchanged: 
 Data sizes:     COMMON   BANK0   BANK1   BANK3   BANK2
      Params:         0       0       0       0       0
      Locals:         0       0       0       0       0
      Temps:          0       0       0       0       0
      Totals:         0       0       0       0       0
Total ram usage:        0 bytes
 Hardware stack levels used:    1
 Hardware stack levels required when called:    1
 This function calls:
		_I2C_Master_Wait
 This function is called by:
		_main
 This function uses a non-reentrant model


 *************** function _I2C_Master_Read *****************
 Defined at:
		line 71 in file "I2C.c"
 Parameters:    Size  Location     Type
  a               2    0[COMMON] unsigned short 
 Auto vars:     Size  Location     Type
  temp            2    4[COMMON] unsigned short 
 Return value:  Size  Location     Type
                  2    0[COMMON] unsigned short 
 Registers used:
		wreg, status,2, status,0, pclath, cstack
 Tracked objects:
		On entry : 
		On exit  : 
		Unchanged: 
 Data sizes:     COMMON   BANK0   BANK1   BANK3   BANK2
      Params:         2       0       0       0       0
      Locals:         2       0       0       0       0
      Temps:          2       0       0       0       0
      Totals:         6       0       0       0       0
Total ram usage:        6 bytes
 Hardware stack levels used:    1
 Hardware stack levels required when called:    1
 This function calls:
		_I2C_Master_Wait
 This function is called by:
		_main
 This function uses a non-reentrant model


 *************** function _I2C_Master_Wait *****************
 Defined at:
		line 29 in file "I2C.c"
 Parameters:    Size  Location     Type
		None
 Auto vars:     Size  Location     Type
		None
 Return value:  Size  Location     Type
                  1    wreg      void 
 Registers used:
		wreg, status,2
 Tracked objects:
		On entry : 
		On exit  : 
		Unchanged: 
 Data sizes:     COMMON   BANK0   BANK1   BANK3   BANK2
      Params:         0       0       0       0       0
      Locals:         0       0       0       0       0
      Temps:          0       0       0       0       0
      Totals:         0       0       0       0       0
Total ram usage:        0 bytes
 Hardware stack levels used:    1
 This function calls:
		Nothing
 This function is called by:
		_I2C_Master_Start
		_I2C_Master_Stop
		_I2C_Master_Write
		_I2C_Master_Read
		_I2C_Master_RepeatedStart
 This function uses a non-reentrant model


 *************** function _Configuracion *****************
 Defined at:
		line 55 in file "I2C_Master.c"
 Parameters:    Size  Location     Type
		None
 Auto vars:     Size  Location     Type
		None
 Return value:  Size  Location     Type
                  1    wreg      void 
 Registers used:
		wreg, status,2, status,0, pclath, cstack
 Tracked objects:
		On entry : 
		On exit  : 
		Unchanged: 
 Data sizes:     COMMON   BANK0   BANK1   BANK3   BANK2
      Params:         0       0       0       0       0
      Locals:         0       0       0       0       0
      Temps:          0       0       0       0       0
      Totals:         0       0       0       0       0
Total ram usage:        0 bytes
 Hardware stack levels used:    1
 Hardware stack levels required when called:    2
 This function calls:
		_I2C_Master_Init
		_init_LCD
 This function is called by:
		_main
 This function uses a non-reentrant model


 *************** function _init_LCD *****************
 Defined at:
		line 95 in file "LCD.c"
 Parameters:    Size  Location     Type
		None
 Auto vars:     Size  Location     Type
		None
 Return value:  Size  Location     Type
                  1    wreg      void 
 Registers used:
		wreg, status,2, status,0, pclath, cstack
 Tracked objects:
		On entry : 
		On exit  : 
		Unchanged: 
 Data sizes:     COMMON   BANK0   BANK1   BANK3   BANK2
      Params:         0       0       0       0       0
      Locals:         0       0       0       0       0
      Temps:          0       0       0       0       0
      Totals:         0       0       0       0       0
Total ram usage:        0 bytes
 Hardware stack levels used:    1
 Hardware stack levels required when called:    1
 This function calls:
		_LCD_CmdWrite
 This function is called by:
		_Configuracion
 This function uses a non-reentrant model


 *************** function _LCD_CmdWrite *****************
 Defined at:
		line 36 in file "LCD.c"
 Parameters:    Size  Location     Type
  cmd             1    wreg     unsigned char 
 Auto vars:     Size  Location     Type
  cmd             1    1[COMMON] unsigned char 
 Return value:  Size  Location     Type
                  1    wreg      void 
 Registers used:
		wreg, status,2, status,0
 Tracked objects:
		On entry : 
		On exit  : 
		Unchanged: 
 Data sizes:     COMMON   BANK0   BANK1   BANK3   BANK2
      Params:         0       0       0       0       0
      Locals:         1       0       0       0       0
      Temps:          1       0       0       0       0
      Totals:         2       0       0       0       0
Total ram usage:        2 bytes
 Hardware stack levels used:    1
 This function calls:
		Nothing
 This function is called by:
		_init_LCD
		_main
 This function uses a non-reentrant model


 *************** function _I2C_Master_Init *****************
 Defined at:
		line 13 in file "I2C.c"
 Parameters:    Size  Location     Type
  c               4    0[BANK0 ] const unsigned long 
 Auto vars:     Size  Location     Type
		None
 Return value:  Size  Location     Type
                  1    wreg      void 
 Registers used:
		wreg, status,2, status,0, pclath, cstack
 Tracked objects:
		On entry : 
		On exit  : 
		Unchanged: 
 Data sizes:     COMMON   BANK0   BANK1   BANK3   BANK2
      Params:         0       4       0       0       0
      Locals:         0       0       0       0       0
      Temps:          0       4       0       0       0
      Totals:         0       8       0       0       0
Total ram usage:        8 bytes
 Hardware stack levels used:    1
 Hardware stack levels required when called:    1
 This function calls:
		___lldiv
 This function is called by:
		_Configuracion
 This function uses a non-reentrant model


 *************** function ___lldiv *****************
 Defined at:
		line 5 in file "D:\Xc8\pic\sources\c90\common\__lldiv.c"
 Parameters:    Size  Location     Type
  divisor         4    0[COMMON] unsigned long 
  dividend        4    4[COMMON] unsigned long 
 Auto vars:     Size  Location     Type
  quotient        4    9[COMMON] unsigned long 
  counter         1   13[COMMON] unsigned char 
 Return value:  Size  Location     Type
                  4    0[COMMON] unsigned long 
 Registers used:
		wreg, status,2, status,0
 Tracked objects:
		On entry : 
		On exit  : 
		Unchanged: 
 Data sizes:     COMMON   BANK0   BANK1   BANK3   BANK2
      Params:         8       0       0       0       0
      Locals:         5       0       0       0       0
      Temps:          1       0       0       0       0
      Totals:        14       0       0       0       0
Total ram usage:       14 bytes
 Hardware stack levels used:    1
 This function calls:
		Nothing
 This function is called by:
		_I2C_Master_Init
 This function uses a non-reentrant model



MODULE INFORMATION

Module		Function		Class		Link	Load	Size
D:\Xc8\pic\sources\c90\common\isdigit.c
		_isdigit       		CODE           	03EE	0000	19

D:\Xc8\pic\sources\c90\common\isdigit.c estimated size: 19

I2C_Master.c
		_main          		CODE           	05C5	0000	102
		_Configuracion 		CODE           	0415	0000	26

I2C_Master.c estimated size: 128

D:\Xc8\pic\sources\c90\common\lwmod.c
		___lwmod       		CODE           	0547	0000	59

D:\Xc8\pic\sources\c90\common\lwmod.c estimated size: 59

I2C.c
		_I2C_Master_Read		CODE           	0473	0000	47
		_I2C_Master_Wait		CODE           	03E1	0000	14
		_I2C_Master_Init		CODE           	050F	0000	57
		_I2C_Master_Stop		CODE           	03CE	0000	10
		_I2C_Master_Write		CODE           	03D7	0000	11
		_I2C_Master_Start		CODE           	03C5	0000	10

I2C.c estimated size: 149

D:\Xc8\pic\sources\c90\common\doprnt.c
		_sprintf       		CODE           	0690	0000	356

D:\Xc8\pic\sources\c90\common\doprnt.c estimated size: 356

D:\Xc8\pic\sources\c90\common\lwdiv.c
		___lwdiv       		CODE           	0581	0000	69

D:\Xc8\pic\sources\c90\common\lwdiv.c estimated size: 69

shared
		__stringtab    		STRING         	0003	0000	17
		_dpowers       		STRING         	0013	0000	11
		__initialization		CODE           	07F3	0000	10

shared estimated size: 38

D:\Xc8\pic\sources\c90\common\Umul8.c
		___bmul        		CODE           	0400	0000	22

D:\Xc8\pic\sources\c90\common\Umul8.c estimated size: 22

D:\Xc8\pic\sources\c90\common\__lldiv.c
		___lldiv       		CODE           	062A	0000	103

D:\Xc8\pic\sources\c90\common\__lldiv.c estimated size: 103

LCD.c
		_DWR_LCD       		CODE           	04D8	0000	56
		_LCD_CmdWrite  		CODE           	04A1	0000	56
		_LCD_DataWrite 		CODE           	044D	0000	39
		_init_LCD      		CODE           	042E	0000	32

LCD.c estimated size: 183

