Microchip MPLAB XC8 Compiler V2.10 ()

Linker command line:

-W-3 --edf=D:\Xc8\pic\dat\en_msgs.txt -cs \
  -h+dist/default/production\Lab_4_SPI.X.production.sym \
  --cmf=dist/default/production\Lab_4_SPI.X.production.cmf -z -w9 \
  --disl=596:off --norlf -Q16F887 \
  -oC:\Users\Marco\AppData\Local\Temp\s2hqk.2 --defsym=__MPLAB_BUILD=1 \
  -Mdist/default/production/Lab_4_SPI.X.production.map -E1 -ver=XC8 \
  --acfsm=1493 -ACODE=00h-07FFhx4 -ASTRCODE=00h-01FFFh -ASTRING=00h-0FFhx32 \
  -ACONST=00h-0FFhx32 -AENTRY=00h-0FFhx32 -ACOMMON=070h-07Fh \
  -ABANK0=020h-06Fh -ABANK1=0A0h-0EFh -ABANK2=0110h-016Fh \
  -ABANK3=0190h-01EFh -ARAM=020h-06Fh,0A0h-0EFh,0110h-016Fh,0190h-01EFh \
  -AABS1=020h-07Fh,0A0h-0EFh,0110h-016Fh,0190h-01EFh -ASFR0=00h-01Fh \
  -ASFR1=080h-09Fh -ASFR2=0100h-010Fh -ASFR3=0180h-018Fh \
  -preset_vec=00h,intentry,init,end_init -ppowerup=CODE -pcinit=CODE \
  -pfunctab=ENTRY -ACONFIG=02007h-02008h -pconfig=CONFIG -DCONFIG=2 \
  -AIDLOC=02000h-02003h -pidloc=IDLOC -DIDLOC=2 -AEEDATA=00h-0FFh/02100h \
  -peeprom_data=EEDATA -DEEDATA=2 -DCODE=2 -DSTRCODE=2 -DSTRING=2 -DCONST=2 \
  -DENTRY=2 -k C:\Users\Marco\AppData\Local\Temp\s2hqk.o \
  dist/default/production\Lab_4_SPI.X.production.o 

Object code version is 3.11

Machine type is 16F887



                Name                               Link     Load   Length Selector   Space Scale
C:\Users\Marco\AppData\Local\Temp\s2hqk.o
                end_init                              8        8        4        0       0
dist/default/production\Lab_4_SPI.X.production.o
                cinit                               7F9      7F9        7      FF2       0
                intentry                              0        0        8        0       0
                text4                               75E      75E       11      EBC       0
                text3                               76F      76F       14      EDE       0
                text2                               783      783       20      F06       0
                text1                               752      752        C      EA4       0
                maintext                            7A3      7A3       56      F46       0
                cstackCOMMON                         70       70        6       70       1
                bssCOMMON                            76       76        3       70       1

TOTAL           Name                               Link     Load   Length     Space
        CLASS   CODE           
                end_init                              8        8        4         0
                cinit                               7F9      7F9        7         0
                intentry                              0        0        8         0
                text4                               75E      75E       11         0
                text3                               76F      76F       14         0
                text2                               783      783       20         0
                text1                               752      752        C         0
                maintext                            7A3      7A3       56         0

        CLASS   STRCODE        

        CLASS   STRING         

        CLASS   CONST          

        CLASS   ENTRY          

        CLASS   COMMON         
                cstackCOMMON                         70       70        6         1
                bssCOMMON                            76       76        3         1

        CLASS   BANK0          

        CLASS   BANK1          

        CLASS   BANK2          

        CLASS   BANK3          

        CLASS   RAM            

        CLASS   ABS1           
                abs_s1                               7E       7E        2         1

        CLASS   SFR0           

        CLASS   SFR1           

        CLASS   SFR2           

        CLASS   SFR3           

        CLASS   CONFIG         

        CLASS   IDLOC          

        CLASS   EEDATA         

        CLASS   STACK          



SEGMENTS        Name                           Load    Length   Top    Selector   Space  Class     Delta

                reset_vec                      000000  00000C  00000C         0       0  CODE        2
                cstackCOMMON                   000070  000009  000079        70       1  COMMON      1
                text1                          000752  00000C  00075E       EA4       0  CODE        2
                text4                          00075E  000011  00076F       EBC       0  CODE        2
                text3                          00076F  000014  000783       EDE       0  CODE        2
                text2                          000783  000020  0007A3       F06       0  CODE        2
                maintext                       0007A3  000056  0007F9       F46       0  CODE        2
                cinit                          0007F9  000007  000800       FF2       0  CODE        2


UNUSED ADDRESS RANGES

        Name                Unused          Largest block    Delta
        BANK0            0020-006F             50           1
        BANK1            00A0-00EF             50           1
        BANK2            0110-016F             60           1
        BANK3            0190-01EF             60           1
        CODE             000C-0751            746           2
                         0800-1FFF            800
        COMMON           0079-007D              5           1
        CONFIG           2007-2008              2           2
        CONST            000C-0751            100           2
                         0800-1FFF            100
        EEDATA           2100-21FF            100           2
        ENTRY            000C-0751            100           2
                         0800-1FFF            100
        IDLOC            2000-2003              4           2
        RAM              0020-006F             50           1
                         00A0-00EF             50
                         0110-016F             60
                         0190-01EF             60
        SFR0             0000-001F             20           1
        SFR1             0080-009F             20           1
        SFR2             0100-010F             10           1
        SFR3             0180-018F             10           1
        STRCODE          000C-0751            746           2
                         0800-1FFF           1800
        STRING           000C-0751            100           2
                         0800-1FFF            100

                                  Symbol Table

__CFG_BOR4V$BOR40V        (abs)        0000
__CFG_BOREN$OFF           (abs)        0000
__CFG_CP$OFF              (abs)        0000
__CFG_CPD$OFF             (abs)        0000
__CFG_FCMEN$OFF           (abs)        0000
__CFG_FOSC$INTRC_NOCLKOUT (abs)        0000
__CFG_IESO$OFF            (abs)        0000
__CFG_LVP$OFF             (abs)        0000
__CFG_MCLRE$OFF           (abs)        0000
__CFG_PWRTE$OFF           (abs)        0000
__CFG_WDTE$OFF            (abs)        0000
__CFG_WRT$OFF             (abs)        0000
__Habs1                   abs1         0000
__Hbank0                  bank0        0000
__Hbank1                  bank1        0000
__Hbank2                  bank2        0000
__Hbank3                  bank3        0000
__HbssCOMMON              bssCOMMON    0000
__Hclrtext                clrtext      0000
__Hcode                   code         0000
__Hcommon                 common       0000
__Hconfig                 config       0000
__HcstackCOMMON           cstackCOMMON 0000
__Heeprom_data            eeprom_data  0000
__Hfunctab                functab      0000
__Hidloc                  idloc        0000
__Hmaintext               maintext     0000
__Hpowerup                powerup      0000
__Hram                    ram          0000
__Hreset_vec              reset_vec    0000
__Hsfr0                   sfr0         0000
__Hsfr1                   sfr1         0000
__Hsfr2                   sfr2         0000
__Hsfr3                   sfr3         0000
__Hspace_2                (abs)        0000
__Hspace_3                (abs)        0000
__Hstack                  stack        0000
__Hstrings                strings      0000
__Htext                   text         0000
__Labs1                   abs1         0000
__Lbank0                  bank0        0000
__Lbank1                  bank1        0000
__Lbank2                  bank2        0000
__Lbank3                  bank3        0000
__LbssCOMMON              bssCOMMON    0000
__Lclrtext                clrtext      0000
__Lcode                   code         0000
__Lcommon                 common       0000
__Lconfig                 config       0000
__LcstackCOMMON           cstackCOMMON 0000
__Leeprom_data            eeprom_data  0000
__Lfunctab                functab      0000
__Lidloc                  idloc        0000
__Lintentry               intentry     0000
__Lmaintext               maintext     0000
__Lpowerup                powerup      0000
__Lram                    ram          0000
__Lreset_vec              reset_vec    0000
__Lsfr0                   sfr0         0000
__Lsfr1                   sfr1         0000
__Lsfr2                   sfr2         0000
__Lsfr3                   sfr3         0000
__Lspace_0                (abs)        0000
__Lspace_1                (abs)        0000
__Lspace_2                (abs)        0000
__Lspace_3                (abs)        0000
__Lstack                  stack        0000
__Lstrings                strings      0000
__Ltext                   text         0000
__S3                      (abs)        0000
___int_sp                 stack        0000
___sp                     stack        0000
___stackhi                (abs)        0000
___stacklo                (abs)        0000
__pintentry               intentry     0000
__size_of_Conf            (abs)        0000
__size_of_Envio           (abs)        0000
__size_of_ISR             (abs)        0000
__size_of_Init_USART      (abs)        0000
__size_of_main            (abs)        0000
_spiInit                                   
_spiRead                                   
_spiWrite                                  
interrupt_function        intentry     0000
intlevel0                 functab      0000
intlevel1                 functab      0000
intlevel2                 functab      0000
intlevel3                 functab      0000
intlevel4                 functab      0000
intlevel5                 functab      0000
reset_vec                 reset_vec    0000
___latbits                (abs)        0002
_PORTA                    (abs)        0005
_PORTB                    (abs)        0006
_PORTCbits                (abs)        0007
_INTCONbits               (abs)        000B
_PIR1bits                 (abs)        000C
__Hinit                   init         0008
__Hintentry               intentry     0008
__Lend_init               end_init     0008
__Linit                   init         0008
start                     init         0008
_SSPBUF                   (abs)        0013
_SSPCONbits               (abs)        0014
_RCSTAbits                (abs)        0018
__Hend_init               end_init     000C
_TXREG                    (abs)        0019
_RCREG                    (abs)        001A
_ADCON0bits               (abs)        001F
__pcstackCOMMON           cstackCOMMON 0070
_spiInit$1                cstackCOMMON 0070
_spiInit$2                cstackCOMMON 0071
_spiInit$3                cstackCOMMON 0072
Envio@Dato                cstackCOMMON 0073
_Pot_2                    bssCOMMON    0076
__pbssCOMMON              bssCOMMON    0076
_Pot_1                    bssCOMMON    0077
_Contador                 bssCOMMON    0078
__Hspace_1                (abs)        0079
__S1                      (abs)        0079
btemp                     (abs)        007E
saved_w                   (abs)        007E
wtemp0                    (abs)        007E
_TRISB                    (abs)        0086
_TRISCbits                (abs)        0087
_PIE1bits                 (abs)        008C
_SSPSTATbits              (abs)        0094
_TXSTAbits                (abs)        0098
_SPBRG                    (abs)        0099
_ADCON1bits               (abs)        009F
_BAUDCTLbits              (abs)        0187
_ANSEL                    (abs)        0188
_ANSELH                   (abs)        0189
_TRISC2                   (abs)        043A
__Hspace_0                (abs)        0800
__S0                      (abs)        0800
_Envio                    text1        0752
__ptext1                  text1        0752
_ISR                      text4        075E
__end_of_Envio            text1        075E
__ptext4                  text4        075E
_Init_USART               text3        076F
__end_of_ISR              text4        076F
__ptext3                  text3        076F
_Conf                     text2        0783
__end_of_Init_USART       text3        0783
__ptext2                  text2        0783
__end_of_Conf             text2        07A3
__pmaintext               maintext     07A3
_main                     maintext     07A3
__Lcinit                  cinit        07F9
__end_of_main             maintext     07F9
__initialization          cinit        07F9
__end_of__initialization  cinit        07FC
__Hcinit                  cinit        0800
end_of_initialization     cinit        07FC
start_initialization      cinit        07F9
